

================================================================
== Vivado HLS Report for 'aes256cbc'
================================================================
* Date:           Sat Jun  3 11:51:53 2017

* Version:        2016.4 (Build 1756540 on Mon Jan 23 19:31:01 MST 2017)
* Project:        aes256cbc
* Solution:       solution1
* Product family: zynq
* Target device:  xc7z020clg484-1


================================================================
== Performance Estimates
================================================================
+ Timing (ns): 
    * Summary: 
    +--------+-------+----------+------------+
    |  Clock | Target| Estimated| Uncertainty|
    +--------+-------+----------+------------+
    |ap_clk  |   8.00|      6.50|        1.00|
    +--------+-------+----------+------------+

+ Latency (clock cycles): 
    * Summary: 
    +-----+------+-----+------+---------+
    |   Latency  |  Interval  | Pipeline|
    | min |  max | min |  max |   Type  |
    +-----+------+-----+------+---------+
    |    1|  2543|    2|  2544|   none  |
    +-----+------+-----+------+---------+

    + Detail: 
        * Instance: 
        +-------------------------------+--------------------+------+------+------+------+---------+
        |                               |                    |   Latency   |   Interval  | Pipeline|
        |            Instance           |       Module       |  min |  max |  min |  max |   Type  |
        +-------------------------------+--------------------+------+------+------+------+---------+
        |grp_aes256_encrypt_ecb_fu_540  |aes256_encrypt_ecb  |  1698|  2335|  1698|  2335|   none  |
        |grp_aes256_decrypt_ecb_fu_551  |aes256_decrypt_ecb  |  1740|  2377|  1740|  2377|   none  |
        |grp_aes_expandEncKey_fu_564    |aes_expandEncKey    |    48|    48|    48|    48|   none  |
        +-------------------------------+--------------------+------+------+------+------+---------+

        * Loop: 
        +-----------+-----+-----+----------+-----------+-----------+------+----------+
        |           |  Latency  | Iteration|  Initiation Interval  | Trip |          |
        | Loop Name | min | max |  Latency |  achieved |   target  | Count| Pipelined|
        +-----------+-----+-----+----------+-----------+-----------+------+----------+
        |- Loop 1   |   32|   32|         2|          -|          -|    16|    no    |
        |- Loop 2   |   64|   64|         2|          -|          -|    32|    no    |
        |- Loop 3   |  350|  350|        50|          -|          -|     7|    no    |
        |- Loop 4   |   32|   32|         2|          -|          -|    16|    no    |
        |- Loop 5   |   32|   32|         2|          -|          -|    16|    no    |
        |- Loop 6   |   32|   32|         2|          -|          -|    16|    no    |
        |- Loop 7   |   32|   32|         2|          -|          -|    16|    no    |
        |- Loop 8   |   32|   32|         2|          -|          -|    16|    no    |
        |- Loop 9   |   32|   32|         2|          -|          -|    16|    no    |
        |- Loop 10  |   32|   32|         2|          -|          -|    16|    no    |
        |- Loop 11  |   32|   32|         2|          -|          -|    16|    no    |
        |- Loop 12  |   32|   32|         2|          -|          -|    16|    no    |
        |- Loop 13  |   32|   32|         2|          -|          -|    16|    no    |
        |- Loop 14  |   64|   64|         2|          -|          -|    32|    no    |
        +-----------+-----+-----+----------+-----------+-----------+------+----------+



================================================================
== Utilization Estimates
================================================================
* Summary: 
+-----------------+---------+-------+--------+-------+
|       Name      | BRAM_18K| DSP48E|   FF   |  LUT  |
+-----------------+---------+-------+--------+-------+
|DSP              |        -|      -|       -|      -|
|Expression       |        -|      -|       0|    167|
|FIFO             |        -|      -|       -|      -|
|Instance         |       10|      -|    1319|   2396|
|Memory           |        3|      -|      80|     14|
|Multiplexer      |        -|      -|       -|    234|
|Register         |        -|      -|     315|      -|
+-----------------+---------+-------+--------+-------+
|Total            |       13|      0|    1714|   2811|
+-----------------+---------+-------+--------+-------+
|Available        |      280|    220|  106400|  53200|
+-----------------+---------+-------+--------+-------+
|Utilization (%)  |        4|      0|       1|      5|
+-----------------+---------+-------+--------+-------+

+ Detail: 
    * Instance: 
    +-------------------------------+--------------------------+---------+-------+-----+-----+
    |            Instance           |          Module          | BRAM_18K| DSP48E|  FF | LUT |
    +-------------------------------+--------------------------+---------+-------+-----+-----+
    |grp_aes256_decrypt_ecb_fu_551  |aes256_decrypt_ecb        |        2|      0|  479|  934|
    |grp_aes256_encrypt_ecb_fu_540  |aes256_encrypt_ecb        |        4|      0|  460|  907|
    |aes256cbc_AXILiteS_s_axi_U     |aes256cbc_AXILiteS_s_axi  |        2|      0|  201|  244|
    |grp_aes_expandEncKey_fu_564    |aes_expandEncKey          |        2|      0|  179|  311|
    +-------------------------------+--------------------------+---------+-------+-----+-----+
    |Total                          |                          |       10|      0| 1319| 2396|
    +-------------------------------+--------------------------+---------+-------+-----+-----+

    * DSP48: 
    N/A

    * Memory: 
    +--------------+----------------------+---------+----+----+------+-----+------+-------------+
    |    Memory    |        Module        | BRAM_18K| FF | LUT| Words| Bits| Banks| W*Bits*Banks|
    +--------------+----------------------+---------+----+----+------+-----+------+-------------+
    |buf_U         |aes256cbc_buf         |        1|   0|   0|    16|    8|     1|          128|
    |ctx_deckey_U  |aes256cbc_ctx_decfYi  |        1|   0|   0|    32|    8|     1|          256|
    |ctx_key_U     |aes256cbc_ctx_decfYi  |        1|   0|   0|    32|    8|     1|          256|
    |ctx_enckey_U  |aes256cbc_ctx_encg8j  |        0|  16|   4|    32|    8|     1|          256|
    |iv_U          |aes256cbc_iv          |        0|  16|   2|    16|    8|     1|          128|
    |xorv_U        |aes256cbc_iv          |        0|  16|   2|    16|    8|     1|          128|
    |lastbuf_U     |aes256cbc_iv          |        0|  16|   2|    16|    8|     1|          128|
    |key_U         |aes256cbc_key         |        0|  16|   4|    32|    8|     1|          256|
    +--------------+----------------------+---------+----+----+------+-----+------+-------------+
    |Total         |                      |        3|  80|  14|   192|   64|     8|         1536|
    +--------------+----------------------+---------+----+----+------+-----+------+-------------+

    * FIFO: 
    N/A

    * Expression: 
    +---------------------+----------+-------+---+----+------------+------------+
    |    Variable Name    | Operation| DSP48E| FF| LUT| Bitwidth P0| Bitwidth P1|
    +---------------------+----------+-------+---+----+------------+------------+
    |i_11_fu_880_p2       |     +    |      0|  0|   5|           5|           1|
    |i_12_fu_781_p2       |     +    |      0|  0|   5|           5|           1|
    |i_13_fu_665_p2       |     +    |      0|  0|   5|           5|           1|
    |i_14_fu_634_p2       |     +    |      0|  0|   5|           5|           1|
    |i_15_fu_603_p2       |     +    |      0|  0|   6|           6|           1|
    |i_16_fu_812_p2       |     +    |      0|  0|   5|           5|           1|
    |i_17_fu_696_p2       |     +    |      0|  0|   5|           5|           1|
    |i_18_fu_830_p2       |     +    |      0|  0|   5|           5|           1|
    |i_19_fu_713_p2       |     +    |      0|  0|   5|           5|           1|
    |i_20_fu_850_p2       |     +    |      0|  0|   5|           5|           1|
    |i_21_fu_731_p2       |     +    |      0|  0|   5|           5|           1|
    |i_22_fu_751_p2       |     +    |      0|  0|   5|           5|           1|
    |i_23_fu_897_p2       |     +    |      0|  0|   6|           6|           1|
    |phitmp_i_fu_914_p2   |     +    |      0|  0|   3|           3|           2|
    |sum1_fu_613_p2       |     +    |      0|  0|   8|           8|           8|
    |sum2_fu_865_p2       |     +    |      0|  0|   8|           8|           8|
    |sum4_fu_675_p2       |     +    |      0|  0|   8|           8|           8|
    |sum6_fu_766_p2       |     +    |      0|  0|   8|           8|           8|
    |sum8_fu_644_p2       |     +    |      0|  0|   8|           8|           8|
    |sum_fu_791_p2        |     +    |      0|  0|   8|           8|           8|
    |tmp_121_fu_775_p2    |   icmp   |      0|  0|   3|           5|           6|
    |tmp_122_fu_659_p2    |   icmp   |      0|  0|   3|           5|           6|
    |tmp_123_fu_628_p2    |   icmp   |      0|  0|   3|           5|           6|
    |tmp_124_fu_597_p2    |   icmp   |      0|  0|   3|           6|           7|
    |tmp_130_fu_806_p2    |   icmp   |      0|  0|   3|           5|           6|
    |tmp_131_fu_690_p2    |   icmp   |      0|  0|   3|           5|           6|
    |tmp_135_fu_824_p2    |   icmp   |      0|  0|   3|           5|           6|
    |tmp_136_fu_707_p2    |   icmp   |      0|  0|   3|           5|           6|
    |tmp_140_fu_844_p2    |   icmp   |      0|  0|   3|           5|           6|
    |tmp_141_fu_725_p2    |   icmp   |      0|  0|   3|           5|           6|
    |tmp_144_fu_745_p2    |   icmp   |      0|  0|   3|           5|           6|
    |tmp_212_i_fu_908_p2  |   icmp   |      0|  0|   2|           3|           1|
    |tmp_i_fu_891_p2      |   icmp   |      0|  0|   3|           6|           7|
    |tmp_s_fu_874_p2      |   icmp   |      0|  0|   3|           5|           6|
    |grp_fu_574_p2        |    xor   |      0|  0|   8|           8|           8|
    +---------------------+----------+-------+---+----+------------+------------+
    |Total                |          |      0|  0| 167|         196|         152|
    +---------------------+----------+-------+---+----+------------+------------+

    * Multiplexer: 
    +---------------------+----+-----------+-----+-----------+
    |         Name        | LUT| Input Size| Bits| Total Bits|
    +---------------------+----+-----------+-----+-----------+
    |ap_NS_fsm            |  30|         32|    1|         32|
    |buf_address0         |  12|         13|    4|         52|
    |buf_address1         |   4|          3|    4|         12|
    |buf_ce0              |   1|          4|    1|          4|
    |buf_ce1              |   1|          3|    1|          3|
    |buf_d0               |   8|          5|    8|         40|
    |buf_d1               |   8|          3|    8|         24|
    |buf_we0              |   1|          4|    1|          4|
    |buf_we1              |   1|          3|    1|          3|
    |ctx_deckey_address0  |   5|          4|    5|         20|
    |ctx_deckey_address1  |   5|          3|    5|         15|
    |ctx_deckey_ce0       |   1|          4|    1|          4|
    |ctx_deckey_ce1       |   1|          3|    1|          3|
    |ctx_deckey_d0        |   8|          3|    8|         24|
    |ctx_deckey_we0       |   1|          3|    1|          3|
    |ctx_deckey_we1       |   1|          2|    1|          2|
    |ctx_enckey_address0  |   5|          3|    5|         15|
    |ctx_enckey_ce0       |   1|          3|    1|          3|
    |ctx_enckey_ce1       |   1|          2|    1|          2|
    |ctx_key_address0     |   5|          3|    5|         15|
    |ctx_key_address1     |   5|          3|    5|         15|
    |ctx_key_ce0          |   1|          3|    1|          3|
    |ctx_key_ce1          |   1|          3|    1|          3|
    |ctx_key_d0           |   8|          3|    8|         24|
    |ctx_key_d1           |   8|          3|    8|         24|
    |ctx_key_we0          |   1|          3|    1|          3|
    |ctx_key_we1          |   1|          3|    1|          3|
    |i_10_reg_370         |   6|          2|    6|         12|
    |i_1_reg_450          |   5|          2|    5|         10|
    |i_24_reg_529         |   3|          2|    3|          6|
    |i_2_reg_462          |   5|          2|    5|         10|
    |i_3_reg_473          |   5|          2|    5|         10|
    |i_4_reg_484          |   5|          2|    5|         10|
    |i_5_reg_394          |   5|          2|    5|         10|
    |i_6_reg_406          |   5|          2|    5|         10|
    |i_7_reg_417          |   5|          2|    5|         10|
    |i_8_reg_428          |   5|          2|    5|         10|
    |i_9_reg_439          |   5|          2|    5|         10|
    |i_i_reg_506          |   6|          2|    6|         12|
    |i_reg_495            |   5|          2|    5|         10|
    |i_s_reg_382          |   5|          2|    5|         10|
    |iv_address0          |   4|          3|    4|         12|
    |key_address0         |   5|          3|    5|         15|
    |lastbuf_address0     |   4|          3|    4|         12|
    |memptr_address0      |   6|          7|    6|         42|
    |rcon_i_reg_517       |   8|          2|    8|         16|
    |xorv_address0        |   4|          6|    4|         24|
    |xorv_d0              |   8|          4|    8|         32|
    +---------------------+----+-----------+-----+-----------+
    |Total                | 234|        180|  197|        648|
    +---------------------+----+-----------+-----+-----------+

    * Register: 
    +-----------------------------------------------+----+----+-----+-----------+
    |                      Name                     | FF | LUT| Bits| Const Bits|
    +-----------------------------------------------+----+----+-----+-----------+
    |ap_CS_fsm                                      |  31|   0|   31|          0|
    |ap_reg_grp_aes256_decrypt_ecb_fu_551_ap_start  |   1|   0|    1|          0|
    |ap_reg_grp_aes256_encrypt_ecb_fu_540_ap_start  |   1|   0|    1|          0|
    |ap_reg_grp_aes_expandEncKey_fu_564_ap_start    |   1|   0|    1|          0|
    |buf_addr_5_reg_1087                            |   4|   0|    4|          0|
    |buf_addr_8_reg_1015                            |   4|   0|    4|          0|
    |i_10_reg_370                                   |   6|   0|    6|          0|
    |i_11_reg_1141                                  |   5|   0|    5|          0|
    |i_12_reg_1069                                  |   5|   0|    5|          0|
    |i_13_reg_979                                   |   5|   0|    5|          0|
    |i_14_reg_966                                   |   5|   0|    5|          0|
    |i_15_reg_953                                   |   6|   0|    6|          0|
    |i_16_reg_1082                                  |   5|   0|    5|          0|
    |i_17_reg_992                                   |   5|   0|    5|          0|
    |i_18_reg_1100                                  |   5|   0|    5|          0|
    |i_19_reg_1010                                  |   5|   0|    5|          0|
    |i_1_reg_450                                    |   5|   0|    5|          0|
    |i_20_reg_1123                                  |   5|   0|    5|          0|
    |i_21_reg_1028                                  |   5|   0|    5|          0|
    |i_22_reg_1051                                  |   5|   0|    5|          0|
    |i_23_reg_1159                                  |   6|   0|    6|          0|
    |i_24_reg_529                                   |   3|   0|    3|          0|
    |i_2_reg_462                                    |   5|   0|    5|          0|
    |i_3_reg_473                                    |   5|   0|    5|          0|
    |i_4_reg_484                                    |   5|   0|    5|          0|
    |i_5_reg_394                                    |   5|   0|    5|          0|
    |i_6_reg_406                                    |   5|   0|    5|          0|
    |i_7_reg_417                                    |   5|   0|    5|          0|
    |i_8_reg_428                                    |   5|   0|    5|          0|
    |i_9_reg_439                                    |   5|   0|    5|          0|
    |i_i_reg_506                                    |   6|   0|    6|          0|
    |i_reg_495                                      |   5|   0|    5|          0|
    |i_s_reg_382                                    |   5|   0|    5|          0|
    |mode_read_reg_926                              |   3|   0|    3|          0|
    |outbuf_addr_read_reg_920                       |  32|   0|   32|          0|
    |phitmp_i_reg_1178                              |   3|   0|    3|          0|
    |rcon_i_reg_517                                 |   8|   0|    8|          0|
    |sum2_reg_1133                                  |   8|   0|    8|          0|
    |sum6_reg_1061                                  |   8|   0|    8|          0|
    |tmp_125_reg_1146                               |   5|   0|   64|         59|
    |tmp_134_reg_997                                |   5|   0|   64|         59|
    |tmp_137_reg_1105                               |   5|   0|   64|         59|
    |tmp_143_reg_1033                               |   5|   0|   64|         59|
    |tmp_93_reg_940                                 |   8|   0|    8|          0|
    |tmp_94_reg_935                                 |   8|   0|    8|          0|
    |tmp_95_reg_930                                 |   8|   0|    8|          0|
    |tmp_96_reg_1115                                |   8|   0|    8|          0|
    |tmp_97_reg_1043                                |   8|   0|    8|          0|
    |tmp_i_9_reg_1164                               |   6|   0|   64|         58|
    |tmp_reg_945                                    |   8|   0|    8|          0|
    +-----------------------------------------------+----+----+-----+-----------+
    |Total                                          | 315|   0|  609|        294|
    +-----------------------------------------------+----+----+-----+-----------+



================================================================
== Interface
================================================================
* Summary: 
+------------------------+-----+-----+------------+--------------+--------------+
|        RTL Ports       | Dir | Bits|  Protocol  | Source Object|    C Type    |
+------------------------+-----+-----+------------+--------------+--------------+
|s_axi_AXILiteS_AWVALID  |  in |    1|    s_axi   |   AXILiteS   |    scalar    |
|s_axi_AXILiteS_AWREADY  | out |    1|    s_axi   |   AXILiteS   |    scalar    |
|s_axi_AXILiteS_AWADDR   |  in |    8|    s_axi   |   AXILiteS   |    scalar    |
|s_axi_AXILiteS_WVALID   |  in |    1|    s_axi   |   AXILiteS   |    scalar    |
|s_axi_AXILiteS_WREADY   | out |    1|    s_axi   |   AXILiteS   |    scalar    |
|s_axi_AXILiteS_WDATA    |  in |   32|    s_axi   |   AXILiteS   |    scalar    |
|s_axi_AXILiteS_WSTRB    |  in |    4|    s_axi   |   AXILiteS   |    scalar    |
|s_axi_AXILiteS_ARVALID  |  in |    1|    s_axi   |   AXILiteS   |    scalar    |
|s_axi_AXILiteS_ARREADY  | out |    1|    s_axi   |   AXILiteS   |    scalar    |
|s_axi_AXILiteS_ARADDR   |  in |    8|    s_axi   |   AXILiteS   |    scalar    |
|s_axi_AXILiteS_RVALID   | out |    1|    s_axi   |   AXILiteS   |    scalar    |
|s_axi_AXILiteS_RREADY   |  in |    1|    s_axi   |   AXILiteS   |    scalar    |
|s_axi_AXILiteS_RDATA    | out |   32|    s_axi   |   AXILiteS   |    scalar    |
|s_axi_AXILiteS_RRESP    | out |    2|    s_axi   |   AXILiteS   |    scalar    |
|s_axi_AXILiteS_BVALID   | out |    1|    s_axi   |   AXILiteS   |    scalar    |
|s_axi_AXILiteS_BREADY   |  in |    1|    s_axi   |   AXILiteS   |    scalar    |
|s_axi_AXILiteS_BRESP    | out |    2|    s_axi   |   AXILiteS   |    scalar    |
|ap_clk                  |  in |    1| ap_ctrl_hs |   aes256cbc  | return value |
|ap_rst_n                |  in |    1| ap_ctrl_hs |   aes256cbc  | return value |
|interrupt               | out |    1| ap_ctrl_hs |   aes256cbc  | return value |
+------------------------+-----+-----+------------+--------------+--------------+

