

================================================================
== Vivado HLS Report for 'aes256_decrypt_ecb'
================================================================
* Date:           Tue Mar 14 13:06:42 2017

* Version:        2016.4 (Build 1733598 on Wed Dec 14 22:59:20 MST 2016)
* Project:        aes256cbc
* Solution:       solution1
* Product family: zynq
* Target device:  xc7z020clg484-1


================================================================
== Performance Estimates
================================================================
+ Timing (ns): 
    * Summary: 
    +--------+-------+----------+------------+
    |  Clock | Target| Estimated| Uncertainty|
    +--------+-------+----------+------------+
    |ap_clk  |   8.00|      6.15|        1.00|
    +--------+-------+----------+------------+

+ Latency (clock cycles): 
    * Summary: 
    +------+------+------+------+---------+
    |   Latency   |   Interval  | Pipeline|
    |  min |  max |  min |  max |   Type  |
    +------+------+------+------+---------+
    |  1740|  2377|  1740|  2377|   none  |
    +------+------+------+------+---------+

    + Detail: 
        * Instance: 
        +-------------------------------+--------------------+-----+-----+-----+-----+---------+
        |                               |                    |  Latency  |  Interval | Pipeline|
        |            Instance           |       Module       | min | max | min | max |   Type  |
        +-------------------------------+--------------------+-----+-----+-----+-----+---------+
        |grp_aes_expandDecKey_fu_325    |aes_expandDecKey    |   48|   48|   48|   48|   none  |
        |grp_aes_mixColumns_inv_fu_334  |aes_mixColumns_inv  |   25|   25|   25|   25|   none  |
        |grp_aes_addRoundKey_fu_340     |aes_addRoundKey     |   33|   33|   33|   33|   none  |
        +-------------------------------+--------------------+-----+-----+-----+-----+---------+

        * Loop: 
        +-------------+------+------+-----------+-----------+-----------+------+----------+
        |             |   Latency   | Iteration |  Initiation Interval  | Trip |          |
        |  Loop Name  |  min |  max |  Latency  |  achieved |   target  | Count| Pipelined|
        +-------------+------+------+-----------+-----------+-----------+------+----------+
        |- Loop 1     |    32|    32|          2|          -|          -|    16|    no    |
        |- Loop 2     |    48|    48|          3|          -|          -|    16|    no    |
        |- Loop 3     |  1612|  2249| 124 ~ 173 |          -|          -|    13|    no    |
        | + Loop 3.1  |    48|    48|          3|          -|          -|    16|    no    |
        +-------------+------+------+-----------+-----------+-----------+------+----------+



================================================================
== Utilization Estimates
================================================================
* Summary: 
+-----------------+---------+-------+--------+-------+
|       Name      | BRAM_18K| DSP48E|   FF   |  LUT  |
+-----------------+---------+-------+--------+-------+
|DSP              |        -|      -|       -|      -|
|Expression       |        -|      -|       0|     40|
|FIFO             |        -|      -|       -|      -|
|Instance         |        1|      -|     288|    659|
|Memory           |        1|      -|       0|      0|
|Multiplexer      |        -|      -|       -|    235|
|Register         |        -|      -|     191|      -|
+-----------------+---------+-------+--------+-------+
|Total            |        2|      0|     479|    934|
+-----------------+---------+-------+--------+-------+
|Available        |      280|    220|  106400|  53200|
+-----------------+---------+-------+--------+-------+
|Utilization (%)  |    ~0   |      0|   ~0   |      1|
+-----------------+---------+-------+--------+-------+

+ Detail: 
    * Instance: 
    +-------------------------------+--------------------+---------+-------+-----+-----+
    |            Instance           |       Module       | BRAM_18K| DSP48E|  FF | LUT |
    +-------------------------------+--------------------+---------+-------+-----+-----+
    |grp_aes_addRoundKey_fu_340     |aes_addRoundKey     |        0|      0|   22|   30|
    |grp_aes_expandDecKey_fu_325    |aes_expandDecKey    |        1|      0|  145|  268|
    |grp_aes_mixColumns_inv_fu_334  |aes_mixColumns_inv  |        0|      0|  121|  361|
    +-------------------------------+--------------------+---------+-------+-----+-----+
    |Total                          |                    |        1|      0|  288|  659|
    +-------------------------------+--------------------+---------+-------+-----+-----+

    * DSP48: 
    N/A

    * Memory: 
    +-----------+----------------------+---------+---+----+------+-----+------+-------------+
    |   Memory  |        Module        | BRAM_18K| FF| LUT| Words| Bits| Banks| W*Bits*Banks|
    +-----------+----------------------+---------+---+----+------+-----+------+-------------+
    |sboxinv_U  |aes256_decrypt_eccud  |        1|  0|   0|   256|    8|     1|         2048|
    +-----------+----------------------+---------+---+----+------+-----+------+-------------+
    |Total      |                      |        1|  0|   0|   256|    8|     1|         2048|
    +-----------+----------------------+---------+---+----+------+-----+------+-------------+

    * FIFO: 
    N/A

    * Expression: 
    +---------------------+----------+-------+---+----+------------+------------+
    |    Variable Name    | Operation| DSP48E| FF| LUT| Bitwidth P0| Bitwidth P1|
    +---------------------+----------+-------+---+----+------------+------------+
    |i_23_fu_405_p2       |     +    |      0|  0|   5|           5|           2|
    |i_26_fu_445_p2       |     +    |      0|  0|   5|           5|           2|
    |i_29_fu_495_p2       |     +    |      0|  0|   5|           5|           2|
    |phitmp_fu_516_p2     |     +    |      0|  0|   4|           4|           2|
    |tmp_178_i_fu_427_p2  |     +    |      0|  0|   5|           5|           4|
    |tmp_fu_476_p2        |   icmp   |      0|  0|   2|           4|           1|
    |tmp_i1_fu_505_p2     |   icmp   |      0|  0|   2|           5|           1|
    |tmp_i6_fu_455_p2     |   icmp   |      0|  0|   2|           5|           1|
    |tmp_i_fu_415_p2      |   icmp   |      0|  0|   2|           5|           1|
    |tmp_176_i_fu_438_p2  |    xor   |      0|  0|   8|           8|           8|
    +---------------------+----------+-------+---+----+------------+------------+
    |Total                |          |      0|  0|  40|          51|          24|
    +---------------------+----------+-------+---+----+------------+------------+

    * Multiplexer: 
    +---------------------------------------+----+-----------+-----+-----------+
    |                  Name                 | LUT| Input Size| Bits| Total Bits|
    +---------------------------------------+----+-----------+-----+-----------+
    |ap_NS_fsm                              |  72|         41|    1|         41|
    |buf_r_address0                         |  20|         18|    4|         72|
    |buf_r_address1                         |  20|         17|    4|         68|
    |buf_r_ce0                              |   1|          4|    1|          4|
    |buf_r_ce1                              |   1|          3|    1|          3|
    |buf_r_d0                               |  16|          9|    8|         72|
    |buf_r_d1                               |  16|         10|    8|         80|
    |buf_r_we0                              |   1|          4|    1|          4|
    |buf_r_we1                              |   1|          3|    1|          3|
    |ctx_key_address0                       |   5|          4|    5|         20|
    |ctx_key_address1                       |   5|          3|    5|         15|
    |ctx_key_ce0                            |   1|          4|    1|          4|
    |ctx_key_ce1                            |   1|          3|    1|          3|
    |ctx_key_d0                             |   8|          3|    8|         24|
    |ctx_key_d1                             |   8|          3|    8|         24|
    |ctx_key_we0                            |   1|          3|    1|          3|
    |ctx_key_we1                            |   1|          3|    1|          3|
    |grp_aes_addRoundKey_fu_340_key_offset  |   6|          3|    6|         18|
    |i_i3_reg_314                           |   5|          2|    5|         10|
    |i_i5_reg_291                           |   5|          2|    5|         10|
    |i_i_reg_280                            |   5|          2|    5|         10|
    |i_reg_302                              |   4|          2|    4|          8|
    |rcon_fu_68                             |   8|          2|    8|         16|
    |reg_356                                |   8|          2|    8|         16|
    |reg_363                                |   8|          2|    8|         16|
    |sboxinv_address0                       |   8|          3|    8|         24|
    +---------------------------------------+----+-----------+-----+-----------+
    |Total                                  | 235|        155|  116|        571|
    +---------------------------------------+----+-----------+-----+-----------+

    * Register: 
    +-----------------------------------------------+----+----+-----+-----------+
    |                      Name                     | FF | LUT| Bits| Const Bits|
    +-----------------------------------------------+----+----+-----+-----------+
    |ap_CS_fsm                                      |  40|   0|   40|          0|
    |ap_reg_grp_aes_addRoundKey_fu_340_ap_start     |   1|   0|    1|          0|
    |ap_reg_grp_aes_expandDecKey_fu_325_ap_start    |   1|   0|    1|          0|
    |ap_reg_grp_aes_mixColumns_inv_fu_334_ap_start  |   1|   0|    1|          0|
    |buf_addr_40_reg_545                            |   4|   0|    4|          0|
    |buf_addr_41_reg_629                            |   4|   0|    4|          0|
    |buf_addr_42_reg_667                            |   4|   0|    4|          0|
    |i_23_reg_527                                   |   5|   0|    5|          0|
    |i_26_reg_621                                   |   5|   0|    5|          0|
    |i_29_reg_659                                   |   5|   0|    5|          0|
    |i_i3_reg_314                                   |   5|   0|    5|          0|
    |i_i5_reg_291                                   |   5|   0|    5|          0|
    |i_i_reg_280                                    |   5|   0|    5|          0|
    |i_reg_302                                      |   4|   0|    4|          0|
    |rcon_fu_68                                     |   8|   0|    8|          0|
    |reg_351                                        |   8|   0|    8|          0|
    |reg_356                                        |   8|   0|    8|          0|
    |reg_363                                        |   8|   0|    8|          0|
    |reg_370                                        |   8|   0|    8|          0|
    |reg_375                                        |   8|   0|    8|          0|
    |reg_380                                        |   8|   0|    8|          0|
    |reg_385                                        |   8|   0|    8|          0|
    |reg_390                                        |   8|   0|    8|          0|
    |reg_395                                        |   8|   0|    8|          0|
    |reg_400                                        |   8|   0|    8|          0|
    |tmp_103_reg_650                                |   1|   0|    1|          0|
    |tmp_179_i_reg_551                              |   5|   0|   64|         59|
    |tmp_i_38_reg_535                               |   8|   0|   64|         56|
    +-----------------------------------------------+----+----+-----+-----------+
    |Total                                          | 191|   0|  306|        115|
    +-----------------------------------------------+----+----+-----+-----------+



================================================================
== Interface
================================================================
* Summary: 
+---------------------+-----+-----+------------+--------------------+--------------+
|      RTL Ports      | Dir | Bits|  Protocol  |    Source Object   |    C Type    |
+---------------------+-----+-----+------------+--------------------+--------------+
|ap_clk               |  in |    1| ap_ctrl_hs | aes256_decrypt_ecb | return value |
|ap_rst               |  in |    1| ap_ctrl_hs | aes256_decrypt_ecb | return value |
|ap_start             |  in |    1| ap_ctrl_hs | aes256_decrypt_ecb | return value |
|ap_done              | out |    1| ap_ctrl_hs | aes256_decrypt_ecb | return value |
|ap_idle              | out |    1| ap_ctrl_hs | aes256_decrypt_ecb | return value |
|ap_ready             | out |    1| ap_ctrl_hs | aes256_decrypt_ecb | return value |
|buf_r_address0       | out |    4|  ap_memory |        buf_r       |     array    |
|buf_r_ce0            | out |    1|  ap_memory |        buf_r       |     array    |
|buf_r_we0            | out |    1|  ap_memory |        buf_r       |     array    |
|buf_r_d0             | out |    8|  ap_memory |        buf_r       |     array    |
|buf_r_q0             |  in |    8|  ap_memory |        buf_r       |     array    |
|buf_r_address1       | out |    4|  ap_memory |        buf_r       |     array    |
|buf_r_ce1            | out |    1|  ap_memory |        buf_r       |     array    |
|buf_r_we1            | out |    1|  ap_memory |        buf_r       |     array    |
|buf_r_d1             | out |    8|  ap_memory |        buf_r       |     array    |
|buf_r_q1             |  in |    8|  ap_memory |        buf_r       |     array    |
|ctx_deckey_address0  | out |    5|  ap_memory |     ctx_deckey     |     array    |
|ctx_deckey_ce0       | out |    1|  ap_memory |     ctx_deckey     |     array    |
|ctx_deckey_q0        |  in |    8|  ap_memory |     ctx_deckey     |     array    |
|ctx_deckey_address1  | out |    5|  ap_memory |     ctx_deckey     |     array    |
|ctx_deckey_ce1       | out |    1|  ap_memory |     ctx_deckey     |     array    |
|ctx_deckey_q1        |  in |    8|  ap_memory |     ctx_deckey     |     array    |
|ctx_key_address0     | out |    5|  ap_memory |       ctx_key      |     array    |
|ctx_key_ce0          | out |    1|  ap_memory |       ctx_key      |     array    |
|ctx_key_we0          | out |    1|  ap_memory |       ctx_key      |     array    |
|ctx_key_d0           | out |    8|  ap_memory |       ctx_key      |     array    |
|ctx_key_q0           |  in |    8|  ap_memory |       ctx_key      |     array    |
|ctx_key_address1     | out |    5|  ap_memory |       ctx_key      |     array    |
|ctx_key_ce1          | out |    1|  ap_memory |       ctx_key      |     array    |
|ctx_key_we1          | out |    1|  ap_memory |       ctx_key      |     array    |
|ctx_key_d1           | out |    8|  ap_memory |       ctx_key      |     array    |
|ctx_key_q1           |  in |    8|  ap_memory |       ctx_key      |     array    |
+---------------------+-----+-----+------------+--------------------+--------------+

