

================================================================
== Vivado HLS Report for 'aes256_encrypt_ecb'
================================================================
* Date:           Tue Mar 14 13:06:42 2017

* Version:        2016.4 (Build 1733598 on Wed Dec 14 22:59:20 MST 2016)
* Project:        aes256cbc
* Solution:       solution1
* Product family: zynq
* Target device:  xc7z020clg484-1


================================================================
== Performance Estimates
================================================================
+ Timing (ns): 
    * Summary: 
    +--------+-------+----------+------------+
    |  Clock | Target| Estimated| Uncertainty|
    +--------+-------+----------+------------+
    |ap_clk  |   8.00|      6.50|        1.00|
    +--------+-------+----------+------------+

+ Latency (clock cycles): 
    * Summary: 
    +------+------+------+------+---------+
    |   Latency   |   Interval  | Pipeline|
    |  min |  max |  min |  max |   Type  |
    +------+------+------+------+---------+
    |  1698|  2335|  1698|  2335|   none  |
    +------+------+------+------+---------+

    + Detail: 
        * Instance: 
        +-----------------------------+------------------+-----+-----+-----+-----+---------+
        |                             |                  |  Latency  |  Interval | Pipeline|
        |           Instance          |      Module      | min | max | min | max |   Type  |
        +-----------------------------+------------------+-----+-----+-----+-----+---------+
        |grp_aes_expandEncKey_fu_368  |aes_expandEncKey  |   48|   48|   48|   48|   none  |
        |grp_aes_addRoundKey_fu_377   |aes_addRoundKey   |   33|   33|   33|   33|   none  |
        +-----------------------------+------------------+-----+-----+-----+-----+---------+

        * Loop: 
        +-------------+------+------+-----------+-----------+-----------+------+----------+
        |             |   Latency   | Iteration |  Initiation Interval  | Trip |          |
        |  Loop Name  |  min |  max |  Latency  |  achieved |   target  | Count| Pipelined|
        +-------------+------+------+-----------+-----------+-----------+------+----------+
        |- Loop 1     |    32|    32|          2|          -|          -|    16|    no    |
        |- Loop 2     |  1521|  2158| 117 ~ 166 |          -|          -|    13|    no    |
        | + Loop 2.1  |    48|    48|          3|          -|          -|    16|    no    |
        | + Loop 2.2  |    20|    20|          5|          -|          -|     4|    no    |
        |- Loop 3     |    48|    48|          3|          -|          -|    16|    no    |
        +-------------+------+------+-----------+-----------+-----------+------+----------+



================================================================
== Utilization Estimates
================================================================
* Summary: 
+-----------------+---------+-------+--------+-------+
|       Name      | BRAM_18K| DSP48E|   FF   |  LUT  |
+-----------------+---------+-------+--------+-------+
|DSP              |        -|      -|       -|      -|
|Expression       |        -|      -|       0|    234|
|FIFO             |        -|      -|       -|      -|
|Instance         |        2|      -|     201|    341|
|Memory           |        2|      -|       0|      0|
|Multiplexer      |        -|      -|       -|    332|
|Register         |        -|      -|     259|      -|
+-----------------+---------+-------+--------+-------+
|Total            |        4|      0|     460|    907|
+-----------------+---------+-------+--------+-------+
|Available        |      280|    220|  106400|  53200|
+-----------------+---------+-------+--------+-------+
|Utilization (%)  |        1|      0|   ~0   |      1|
+-----------------+---------+-------+--------+-------+

+ Detail: 
    * Instance: 
    +-----------------------------+------------------+---------+-------+-----+-----+
    |           Instance          |      Module      | BRAM_18K| DSP48E|  FF | LUT |
    +-----------------------------+------------------+---------+-------+-----+-----+
    |grp_aes_addRoundKey_fu_377   |aes_addRoundKey   |        0|      0|   22|   30|
    |grp_aes_expandEncKey_fu_368  |aes_expandEncKey  |        2|      0|  179|  311|
    +-----------------------------+------------------+---------+-------+-----+-----+
    |Total                        |                  |        2|      0|  201|  341|
    +-----------------------------+------------------+---------+-------+-----+-----+

    * DSP48: 
    N/A

    * Memory: 
    +--------+----------------------+---------+---+----+------+-----+------+-------------+
    | Memory |        Module        | BRAM_18K| FF| LUT| Words| Bits| Banks| W*Bits*Banks|
    +--------+----------------------+---------+---+----+------+-----+------+-------------+
    |sbox_U  |aes_expandEncKey_dEe  |        2|  0|   0|   256|    8|     1|         2048|
    +--------+----------------------+---------+---+----+------+-----+------+-------------+
    |Total   |                      |        2|  0|   0|   256|    8|     1|         2048|
    +--------+----------------------+---------+---+----+------+-----+------+-------------+

    * FIFO: 
    N/A

    * Expression: 
    +-----------------------+----------+-------+---+----+------------+------------+
    |     Variable Name     | Operation| DSP48E| FF| LUT| Bitwidth P0| Bitwidth P1|
    +-----------------------+----------+-------+---+----+------------+------------+
    |i_14_fu_467_p2         |     +    |      0|  0|   5|           5|           2|
    |i_15_fu_803_p2         |     +    |      0|  0|   5|           5|           2|
    |i_16_fu_518_p2         |     +    |      0|  0|   5|           5|           2|
    |i_21_fu_572_p2         |     +    |      0|  0|   5|           3|           5|
    |i_22_fu_797_p2         |     +    |      0|  0|   4|           4|           1|
    |tmp_178_i_fu_489_p2    |     +    |      0|  0|   5|           5|           4|
    |exitcond_fu_512_p2     |   icmp   |      0|  0|   2|           4|           3|
    |tmp_i5_fu_528_p2       |   icmp   |      0|  0|   2|           5|           1|
    |tmp_i8_fu_813_p2       |   icmp   |      0|  0|   2|           5|           1|
    |tmp_i_fu_477_p2        |   icmp   |      0|  0|   2|           5|           1|
    |tmp_34_i_fu_561_p2     |    or    |      0|  0|   7|           4|           1|
    |tmp_36_i_fu_582_p2     |    or    |      0|  0|   7|           4|           2|
    |tmp_38_i_fu_592_p2     |    or    |      0|  0|   7|           4|           2|
    |y_21_fu_640_p3         |  select  |      0|  0|   8|           1|           8|
    |y_23_fu_686_p3         |  select  |      0|  0|   8|           1|           8|
    |y_25_fu_732_p3         |  select  |      0|  0|   8|           1|           8|
    |y_27_fu_778_p3         |  select  |      0|  0|   8|           1|           8|
    |e_fu_614_p2            |    xor   |      0|  0|   8|           8|           8|
    |tmp1_fu_648_p2         |    xor   |      0|  0|   8|           8|           8|
    |tmp2_fu_694_p2         |    xor   |      0|  0|   8|           8|           8|
    |tmp3_fu_740_p2         |    xor   |      0|  0|   8|           8|           8|
    |tmp_176_i_fu_505_p2    |    xor   |      0|  0|   8|           8|           8|
    |tmp_1_i10_i_fu_680_p2  |    xor   |      0|  0|   8|           8|           5|
    |tmp_1_i14_i_fu_726_p2  |    xor   |      0|  0|   8|           8|           5|
    |tmp_1_i18_i_fu_772_p2  |    xor   |      0|  0|   8|           8|           5|
    |tmp_1_i_i_fu_634_p2    |    xor   |      0|  0|   8|           8|           5|
    |tmp_41_i_fu_608_p2     |    xor   |      0|  0|   8|           8|           8|
    |tmp_44_i_fu_654_p2     |    xor   |      0|  0|   8|           8|           8|
    |tmp_48_i_fu_700_p2     |    xor   |      0|  0|   8|           8|           8|
    |tmp_52_i_fu_746_p2     |    xor   |      0|  0|   8|           8|           8|
    |tmp_56_i_fu_786_p2     |    xor   |      0|  0|   8|           8|           8|
    |x_assign_1_fu_752_p2   |    xor   |      0|  0|   8|           8|           8|
    |x_assign_9_fu_660_p2   |    xor   |      0|  0|   8|           8|           8|
    |x_assign_fu_602_p2     |    xor   |      0|  0|   8|           8|           8|
    |x_assign_s_fu_706_p2   |    xor   |      0|  0|   8|           8|           8|
    +-----------------------+----------+-------+---+----+------------+------------+
    |Total                  |          |      0|  0| 234|         206|         191|
    +-----------------------+----------+-------+---+----+------------+------------+

    * Multiplexer: 
    +---------------------------------------+----+-----------+-----+-----------+
    |                  Name                 | LUT| Input Size| Bits| Total Bits|
    +---------------------------------------+----+-----------+-----+-----------+
    |ap_NS_fsm                              |  78|         44|    1|         44|
    |buf_r_address0                         |  24|         21|    4|         84|
    |buf_r_address1                         |  24|         20|    4|         80|
    |buf_r_ce0                              |   1|          3|    1|          3|
    |buf_r_d0                               |  24|         15|    8|        120|
    |buf_r_d1                               |  24|         14|    8|        112|
    |buf_r_we0                              |   1|          3|    1|          3|
    |ctx_key_address0                       |   5|          4|    5|         20|
    |ctx_key_address1                       |   5|          3|    5|         15|
    |ctx_key_ce0                            |   1|          4|    1|          4|
    |ctx_key_ce1                            |   1|          3|    1|          3|
    |ctx_key_d0                             |   8|          3|    8|         24|
    |ctx_key_d1                             |   8|          3|    8|         24|
    |ctx_key_we0                            |   1|          3|    1|          3|
    |ctx_key_we1                            |   1|          3|    1|          3|
    |grp_aes_addRoundKey_fu_377_key_offset  |   6|          3|    6|         18|
    |i_i1_reg_357                           |   5|          2|    5|         10|
    |i_i2_reg_346                           |   5|          2|    5|         10|
    |i_i4_reg_335                           |   5|          2|    5|         10|
    |i_i_reg_312                            |   5|          2|    5|         10|
    |i_reg_323                              |   4|          2|    4|          8|
    |rcon_fu_80                             |   8|          2|    8|         16|
    |reg_392                                |   8|          2|    8|         16|
    |reg_399                                |   8|          2|    8|         16|
    |reg_406                                |   8|          2|    8|         16|
    |reg_413                                |   8|          2|    8|         16|
    |reg_420                                |   8|          2|    8|         16|
    |reg_427                                |   8|          2|    8|         16|
    |reg_434                                |   8|          2|    8|         16|
    |reg_441                                |   8|          2|    8|         16|
    |reg_448                                |   8|          2|    8|         16|
    |reg_455                                |   8|          2|    8|         16|
    |sbox_address0                          |   8|          4|    8|         32|
    +---------------------------------------+----+-----------+-----+-----------+
    |Total                                  | 332|        185|  183|        816|
    +---------------------------------------+----+-----------+-----+-----------+

    * Register: 
    +---------------------------------------------+----+----+-----+-----------+
    |                     Name                    | FF | LUT| Bits| Const Bits|
    +---------------------------------------------+----+----+-----+-----------+
    |ap_CS_fsm                                    |  43|   0|   43|          0|
    |ap_reg_grp_aes_addRoundKey_fu_377_ap_start   |   1|   0|    1|          0|
    |ap_reg_grp_aes_expandEncKey_fu_368_ap_start  |   1|   0|    1|          0|
    |buf_addr_22_reg_847                          |   4|   0|    4|          0|
    |buf_addr_23_reg_1034                         |   4|   0|    4|          0|
    |buf_addr_24_reg_952                          |   4|   0|    4|          0|
    |buf_addr_25_reg_966                          |   4|   0|    4|          0|
    |buf_addr_26_reg_977                          |   3|   0|    4|          1|
    |buf_addr_27_reg_991                          |   3|   0|    4|          1|
    |buf_addr_28_reg_996                          |   2|   0|    4|          2|
    |i_14_reg_829                                 |   5|   0|    5|          0|
    |i_15_reg_1026                                |   5|   0|    5|          0|
    |i_16_reg_944                                 |   5|   0|    5|          0|
    |i_21_reg_982                                 |   5|   0|    5|          0|
    |i_i1_reg_357                                 |   5|   0|    5|          0|
    |i_i2_reg_346                                 |   5|   0|    5|          0|
    |i_i4_reg_335                                 |   5|   0|    5|          0|
    |i_i_reg_312                                  |   5|   0|    5|          0|
    |i_reg_323                                    |   4|   0|    4|          0|
    |rcon_fu_80                                   |   8|   0|    8|          0|
    |reg_392                                      |   8|   0|    8|          0|
    |reg_399                                      |   8|   0|    8|          0|
    |reg_406                                      |   8|   0|    8|          0|
    |reg_413                                      |   8|   0|    8|          0|
    |reg_420                                      |   8|   0|    8|          0|
    |reg_427                                      |   8|   0|    8|          0|
    |reg_434                                      |   8|   0|    8|          0|
    |reg_441                                      |   8|   0|    8|          0|
    |reg_448                                      |   8|   0|    8|          0|
    |reg_455                                      |   8|   0|    8|          0|
    |reg_462                                      |   8|   0|    8|          0|
    |tmp_179_i_reg_852                            |   5|   0|   64|         59|
    |tmp_44_i_reg_1001                            |   8|   0|    8|          0|
    |tmp_48_i_reg_1006                            |   8|   0|    8|          0|
    |tmp_52_i_reg_1011                            |   8|   0|    8|          0|
    |tmp_56_i_reg_1016                            |   8|   0|    8|          0|
    |tmp_93_reg_987                               |   1|   0|    1|          0|
    |tmp_94_reg_971                               |   4|   0|    4|          0|
    |tmp_i_33_reg_837                             |   8|   0|   64|         56|
    +---------------------------------------------+----+----+-----+-----------+
    |Total                                        | 259|   0|  378|        119|
    +---------------------------------------------+----+----+-----+-----------+



================================================================
== Interface
================================================================
* Summary: 
+---------------------+-----+-----+------------+--------------------+--------------+
|      RTL Ports      | Dir | Bits|  Protocol  |    Source Object   |    C Type    |
+---------------------+-----+-----+------------+--------------------+--------------+
|ap_clk               |  in |    1| ap_ctrl_hs | aes256_encrypt_ecb | return value |
|ap_rst               |  in |    1| ap_ctrl_hs | aes256_encrypt_ecb | return value |
|ap_start             |  in |    1| ap_ctrl_hs | aes256_encrypt_ecb | return value |
|ap_done              | out |    1| ap_ctrl_hs | aes256_encrypt_ecb | return value |
|ap_idle              | out |    1| ap_ctrl_hs | aes256_encrypt_ecb | return value |
|ap_ready             | out |    1| ap_ctrl_hs | aes256_encrypt_ecb | return value |
|buf_r_address0       | out |    4|  ap_memory |        buf_r       |     array    |
|buf_r_ce0            | out |    1|  ap_memory |        buf_r       |     array    |
|buf_r_we0            | out |    1|  ap_memory |        buf_r       |     array    |
|buf_r_d0             | out |    8|  ap_memory |        buf_r       |     array    |
|buf_r_q0             |  in |    8|  ap_memory |        buf_r       |     array    |
|buf_r_address1       | out |    4|  ap_memory |        buf_r       |     array    |
|buf_r_ce1            | out |    1|  ap_memory |        buf_r       |     array    |
|buf_r_we1            | out |    1|  ap_memory |        buf_r       |     array    |
|buf_r_d1             | out |    8|  ap_memory |        buf_r       |     array    |
|buf_r_q1             |  in |    8|  ap_memory |        buf_r       |     array    |
|ctx_enckey_address0  | out |    5|  ap_memory |     ctx_enckey     |     array    |
|ctx_enckey_ce0       | out |    1|  ap_memory |     ctx_enckey     |     array    |
|ctx_enckey_q0        |  in |    8|  ap_memory |     ctx_enckey     |     array    |
|ctx_enckey_address1  | out |    5|  ap_memory |     ctx_enckey     |     array    |
|ctx_enckey_ce1       | out |    1|  ap_memory |     ctx_enckey     |     array    |
|ctx_enckey_q1        |  in |    8|  ap_memory |     ctx_enckey     |     array    |
|ctx_key_address0     | out |    5|  ap_memory |       ctx_key      |     array    |
|ctx_key_ce0          | out |    1|  ap_memory |       ctx_key      |     array    |
|ctx_key_we0          | out |    1|  ap_memory |       ctx_key      |     array    |
|ctx_key_d0           | out |    8|  ap_memory |       ctx_key      |     array    |
|ctx_key_q0           |  in |    8|  ap_memory |       ctx_key      |     array    |
|ctx_key_address1     | out |    5|  ap_memory |       ctx_key      |     array    |
|ctx_key_ce1          | out |    1|  ap_memory |       ctx_key      |     array    |
|ctx_key_we1          | out |    1|  ap_memory |       ctx_key      |     array    |
|ctx_key_d1           | out |    8|  ap_memory |       ctx_key      |     array    |
|ctx_key_q1           |  in |    8|  ap_memory |       ctx_key      |     array    |
+---------------------+-----+-----+------------+--------------------+--------------+

