

================================================================
== Vivado HLS Report for 'aes_expandDecKey'
================================================================
* Date:           Tue Mar 14 13:06:42 2017

* Version:        2016.4 (Build 1733598 on Wed Dec 14 22:59:20 MST 2016)
* Project:        aes256cbc
* Solution:       solution1
* Product family: zynq
* Target device:  xc7z020clg484-1


================================================================
== Performance Estimates
================================================================
+ Timing (ns): 
    * Summary: 
    +--------+-------+----------+------------+
    |  Clock | Target| Estimated| Uncertainty|
    +--------+-------+----------+------------+
    |ap_clk  |   8.00|      4.11|        1.00|
    +--------+-------+----------+------------+

+ Latency (clock cycles): 
    * Summary: 
    +-----+-----+-----+-----+---------+
    |  Latency  |  Interval | Pipeline|
    | min | max | min | max |   Type  |
    +-----+-----+-----+-----+---------+
    |   48|   48|   48|   48|   none  |
    +-----+-----+-----+-----+---------+

    + Detail: 
        * Instance: 
        N/A

        * Loop: 
        +----------+-----+-----+----------+-----------+-----------+------+----------+
        |          |  Latency  | Iteration|  Initiation Interval  | Trip |          |
        | Loop Name| min | max |  Latency |  achieved |   target  | Count| Pipelined|
        +----------+-----+-----+----------+-----------+-----------+------+----------+
        |- Loop 1  |   18|   18|         6|          -|          -|     3|    no    |
        |- Loop 2  |   18|   18|         6|          -|          -|     3|    no    |
        +----------+-----+-----+----------+-----------+-----------+------+----------+



================================================================
== Utilization Estimates
================================================================
* Summary: 
+-----------------+---------+-------+--------+-------+
|       Name      | BRAM_18K| DSP48E|   FF   |  LUT  |
+-----------------+---------+-------+--------+-------+
|DSP              |        -|      -|       -|      -|
|Expression       |        -|      -|       0|    146|
|FIFO             |        -|      -|       -|      -|
|Instance         |        -|      -|       -|      -|
|Memory           |        1|      -|       0|      0|
|Multiplexer      |        -|      -|       -|    122|
|Register         |        -|      -|     145|      -|
+-----------------+---------+-------+--------+-------+
|Total            |        1|      0|     145|    268|
+-----------------+---------+-------+--------+-------+
|Available        |      280|    220|  106400|  53200|
+-----------------+---------+-------+--------+-------+
|Utilization (%)  |    ~0   |      0|   ~0   |   ~0  |
+-----------------+---------+-------+--------+-------+

+ Detail: 
    * Instance: 
    N/A

    * DSP48: 
    N/A

    * Memory: 
    +--------+----------------------+---------+---+----+------+-----+------+-------------+
    | Memory |        Module        | BRAM_18K| FF| LUT| Words| Bits| Banks| W*Bits*Banks|
    +--------+----------------------+---------+---+----+------+-----+------+-------------+
    |sbox_U  |aes_expandDecKey_bkb  |        1|  0|   0|   256|    8|     1|         2048|
    +--------+----------------------+---------+---+----+------+-----+------+-------------+
    |Total   |                      |        1|  0|   0|   256|    8|     1|         2048|
    +--------+----------------------+---------+---+----+------+-----+------+-------------+

    * FIFO: 
    N/A

    * Expression: 
    +---------------------------+----------+-------+---+----+------------+------------+
    |       Variable Name       | Operation| DSP48E| FF| LUT| Bitwidth P0| Bitwidth P1|
    +---------------------------+----------+-------+---+----+------------+------------+
    |i_4_fu_394_p2              |     +    |      0|  0|   5|           5|           4|
    |i_5_fu_586_p2              |     +    |      0|  0|   4|           4|           4|
    |tmp_101_fu_506_p2          |     +    |      0|  0|   5|           5|           4|
    |tmp_105_fu_522_p2          |     +    |      0|  0|   5|           5|           3|
    |tmp_110_fu_543_p2          |     +    |      0|  0|   5|           5|           3|
    |tmp_115_fu_564_p2          |     +    |      0|  0|   4|           4|           2|
    |tmp_66_fu_410_p2           |     +    |      0|  0|   5|           5|           3|
    |tmp_71_fu_432_p2           |     +    |      0|  0|   5|           5|           3|
    |tmp_76_fu_454_p2           |     +    |      0|  0|   5|           5|           2|
    |tmp_88_fu_496_p2           |   icmp   |      0|  0|   2|           4|           1|
    |tmp_fu_388_p2              |   icmp   |      0|  0|   3|           5|           6|
    |tmp_107_fu_532_p2          |    or    |      0|  0|   7|           4|           1|
    |tmp_112_fu_553_p2          |    or    |      0|  0|   7|           4|           2|
    |tmp_117_fu_575_p2          |    or    |      0|  0|   7|           4|           2|
    |tmp_68_fu_421_p2           |    or    |      0|  0|   7|           5|           1|
    |tmp_73_fu_443_p2           |    or    |      0|  0|   7|           5|           2|
    |tmp_78_fu_465_p2           |    or    |      0|  0|   7|           5|           2|
    |tmp_92_fu_618_p3           |  select  |      0|  0|   8|           1|           8|
    |grp_fu_336_p2              |    xor   |      0|  0|   8|           8|           8|
    |grp_fu_342_p2              |    xor   |      0|  0|   8|           8|           8|
    |grp_fu_348_p2              |    xor   |      0|  0|   8|           8|           8|
    |rc_write_assign_fu_626_p2  |    xor   |      0|  0|   8|           8|           8|
    |tmp1_fu_632_p2             |    xor   |      0|  0|   8|           8|           8|
    |tmp_94_fu_638_p2           |    xor   |      0|  0|   8|           8|           8|
    +---------------------------+----------+-------+---+----+------------+------------+
    |Total                      |          |      0|  0| 146|         128|         101|
    +---------------------------+----------+-------+---+----+------------+------------+

    * Multiplexer: 
    +------------------+----+-----------+-----+-----------+
    |       Name       | LUT| Input Size| Bits| Total Bits|
    +------------------+----+-----------+-----+-----------+
    |ap_NS_fsm         |  21|         24|    1|         24|
    |ctx_key_address0  |  30|         21|    5|        105|
    |ctx_key_address1  |  30|         21|    5|        105|
    |ctx_key_d0        |   8|          5|    8|         40|
    |ctx_key_d1        |   8|          4|    8|         32|
    |i_1_reg_324       |   4|          2|    4|          8|
    |i_reg_312         |   5|          2|    5|         10|
    |sbox_address0     |   8|          5|    8|         40|
    |sbox_address1     |   8|          5|    8|         40|
    +------------------+----+-----------+-----+-----------+
    |Total             | 122|         89|   52|        404|
    +------------------+----+-----------+-----+-----------+

    * Register: 
    +-------------------------+----+----+-----+-----------+
    |           Name          | FF | LUT| Bits| Const Bits|
    +-------------------------+----+----+-----+-----------+
    |ap_CS_fsm                |  23|   0|   23|          0|
    |ctx_key_addr_11_reg_755  |   3|   0|    5|          2|
    |ctx_key_addr_13_reg_765  |   3|   0|    5|          2|
    |ctx_key_addr_15_reg_776  |   2|   0|    5|          3|
    |ctx_key_addr_1_reg_673   |   5|   0|    5|          0|
    |ctx_key_addr_3_reg_684   |   4|   0|    5|          1|
    |ctx_key_addr_5_reg_694   |   4|   0|    5|          1|
    |ctx_key_addr_7_reg_705   |   3|   0|    5|          2|
    |ctx_key_addr_9_reg_744   |   4|   0|    5|          1|
    |i_1_reg_324              |   4|   0|    4|          0|
    |i_4_reg_663              |   5|   0|    5|          0|
    |i_5_reg_781              |   4|   0|    4|          0|
    |i_reg_312                |   5|   0|    5|          0|
    |rc_write_assign_reg_796  |   8|   0|    8|          0|
    |reg_354                  |   8|   0|    8|          0|
    |reg_360                  |   8|   0|    8|          0|
    |reg_365                  |   8|   0|    8|          0|
    |reg_370                  |   8|   0|    8|          0|
    |reg_374                  |   8|   0|    8|          0|
    |reg_378                  |   8|   0|    8|          0|
    |reg_383                  |   8|   0|    8|          0|
    |tmp_123_cast_reg_733     |   4|   0|    5|          1|
    |tmp_94_reg_800           |   8|   0|    8|          0|
    +-------------------------+----+----+-----+-----------+
    |Total                    | 145|   0|  158|         13|
    +-------------------------+----+----+-----+-----------+



================================================================
== Interface
================================================================
* Summary: 
+------------------+-----+-----+------------+------------------+--------------+
|     RTL Ports    | Dir | Bits|  Protocol  |   Source Object  |    C Type    |
+------------------+-----+-----+------------+------------------+--------------+
|ap_clk            |  in |    1| ap_ctrl_hs | aes_expandDecKey | return value |
|ap_rst            |  in |    1| ap_ctrl_hs | aes_expandDecKey | return value |
|ap_start          |  in |    1| ap_ctrl_hs | aes_expandDecKey | return value |
|ap_done           | out |    1| ap_ctrl_hs | aes_expandDecKey | return value |
|ap_idle           | out |    1| ap_ctrl_hs | aes_expandDecKey | return value |
|ap_ready          | out |    1| ap_ctrl_hs | aes_expandDecKey | return value |
|ap_return         | out |    8| ap_ctrl_hs | aes_expandDecKey | return value |
|rc_read           |  in |    8|   ap_none  |      rc_read     |    scalar    |
|ctx_key_address0  | out |    5|  ap_memory |      ctx_key     |     array    |
|ctx_key_ce0       | out |    1|  ap_memory |      ctx_key     |     array    |
|ctx_key_we0       | out |    1|  ap_memory |      ctx_key     |     array    |
|ctx_key_d0        | out |    8|  ap_memory |      ctx_key     |     array    |
|ctx_key_q0        |  in |    8|  ap_memory |      ctx_key     |     array    |
|ctx_key_address1  | out |    5|  ap_memory |      ctx_key     |     array    |
|ctx_key_ce1       | out |    1|  ap_memory |      ctx_key     |     array    |
|ctx_key_we1       | out |    1|  ap_memory |      ctx_key     |     array    |
|ctx_key_d1        | out |    8|  ap_memory |      ctx_key     |     array    |
|ctx_key_q1        |  in |    8|  ap_memory |      ctx_key     |     array    |
+------------------+-----+-----+------------+------------------+--------------+

