

================================================================
== Vivado HLS Report for 'aes_expandEncKey'
================================================================
* Date:           Thu Jun  8 07:23:51 2017

* Version:        2016.4 (Build 1756540 on Mon Jan 23 19:31:01 MST 2017)
* Project:        aescbc
* Solution:       solution1
* Product family: zynq
* Target device:  xc7z020clg484-1


================================================================
== Performance Estimates
================================================================
+ Timing (ns): 
    * Summary: 
    +--------+-------+----------+------------+
    |  Clock | Target| Estimated| Uncertainty|
    +--------+-------+----------+------------+
    |ap_clk  |   8.00|      6.15|        1.00|
    +--------+-------+----------+------------+

+ Latency (clock cycles): 
    * Summary: 
    +-----+-----+-----+-----+---------+
    |  Latency  |  Interval | Pipeline|
    | min | max | min | max |   Type  |
    +-----+-----+-----+-----+---------+
    |   48|   48|   48|   48|   none  |
    +-----+-----+-----+-----+---------+

    + Detail: 
        * Instance: 
        N/A

        * Loop: 
        +----------+-----+-----+----------+-----------+-----------+------+----------+
        |          |  Latency  | Iteration|  Initiation Interval  | Trip |          |
        | Loop Name| min | max |  Latency |  achieved |   target  | Count| Pipelined|
        +----------+-----+-----+----------+-----------+-----------+------+----------+
        |- Loop 1  |   18|   18|         6|          -|          -|     3|    no    |
        |- Loop 2  |   18|   18|         6|          -|          -|     3|    no    |
        +----------+-----+-----+----------+-----------+-----------+------+----------+



================================================================
== Utilization Estimates
================================================================
* Summary: 
+-----------------+---------+-------+--------+-------+
|       Name      | BRAM_18K| DSP48E|   FF   |  LUT  |
+-----------------+---------+-------+--------+-------+
|DSP              |        -|      -|       -|      -|
|Expression       |        -|      -|       0|    169|
|FIFO             |        -|      -|       -|      -|
|Instance         |        -|      -|       -|      -|
|Memory           |        2|      -|       0|      0|
|Multiplexer      |        -|      -|       -|    142|
|Register         |        -|      -|     179|      -|
+-----------------+---------+-------+--------+-------+
|Total            |        2|      0|     179|    311|
+-----------------+---------+-------+--------+-------+
|Available        |      280|    220|  106400|  53200|
+-----------------+---------+-------+--------+-------+
|Utilization (%)  |    ~0   |      0|   ~0   |   ~0  |
+-----------------+---------+-------+--------+-------+

+ Detail: 
    * Instance: 
    N/A

    * DSP48: 
    N/A

    * Memory: 
    +--------+----------------------+---------+---+----+------+-----+------+-------------+
    | Memory |        Module        | BRAM_18K| FF| LUT| Words| Bits| Banks| W*Bits*Banks|
    +--------+----------------------+---------+---+----+------+-----+------+-------------+
    |sbox_U  |aes_expandEncKey_dEe  |        2|  0|   0|   256|    8|     1|         2048|
    +--------+----------------------+---------+---+----+------+-----+------+-------------+
    |Total   |                      |        2|  0|   0|   256|    8|     1|         2048|
    +--------+----------------------+---------+---+----+------+-----+------+-------------+

    * FIFO: 
    N/A

    * Expression: 
    +-------------------+----------+-------+---+----+------------+------------+
    |   Variable Name   | Operation| DSP48E| FF| LUT| Bitwidth P0| Bitwidth P1|
    +-------------------+----------+-------+---+----+------------+------------+
    |i_28_fu_632_p2     |     +    |      0|  0|   5|           3|           5|
    |i_29_fu_746_p2     |     +    |      0|  0|   6|           3|           6|
    |tmp_45_fu_616_p2   |     +    |      0|  0|   4|           4|           4|
    |tmp_49_fu_638_p2   |     +    |      0|  0|   4|           3|           4|
    |tmp_54_fu_658_p2   |     +    |      0|  0|   4|           3|           4|
    |tmp_59_fu_678_p2   |     +    |      0|  0|   4|           2|           4|
    |tmp_71_fu_730_p2   |     +    |      0|  0|   5|           4|           5|
    |tmp_75_fu_752_p2   |     +    |      0|  0|   5|           3|           5|
    |tmp_80_fu_772_p2   |     +    |      0|  0|   5|           3|           5|
    |tmp_85_fu_792_p2   |     +    |      0|  0|   5|           2|           5|
    |tmp_51_fu_648_p2   |    or    |      0|  0|   7|           4|           1|
    |tmp_56_fu_668_p2   |    or    |      0|  0|   7|           4|           2|
    |tmp_61_fu_688_p2   |    or    |      0|  0|   7|           4|           2|
    |tmp_77_fu_762_p2   |    or    |      0|  0|   7|           5|           1|
    |tmp_82_fu_782_p2   |    or    |      0|  0|   7|           5|           2|
    |tmp_87_fu_802_p2   |    or    |      0|  0|   7|           5|           2|
    |y_20_fu_596_p3     |  select  |      0|  0|   8|           1|           8|
    |grp_fu_473_p2      |    xor   |      0|  0|   8|           8|           8|
    |grp_fu_479_p2      |    xor   |      0|  0|   8|           8|           8|
    |grp_fu_485_p2      |    xor   |      0|  0|   8|           8|           8|
    |tmp1_fu_551_p2     |    xor   |      0|  0|   8|           8|           8|
    |tmp_1_i_fu_590_p2  |    xor   |      0|  0|   8|           8|           5|
    |tmp_39_fu_536_p2   |    xor   |      0|  0|   8|           8|           8|
    |tmp_41_fu_564_p2   |    xor   |      0|  0|   8|           8|           8|
    |tmp_43_fu_570_p2   |    xor   |      0|  0|   8|           8|           8|
    |tmp_s_fu_557_p2    |    xor   |      0|  0|   8|           8|           8|
    +-------------------+----------+-------+---+----+------------+------------+
    |Total              |          |      0|  0| 169|         130|         134|
    +-------------------+----------+-------+---+----+------------+------------+

    * Multiplexer: 
    +---------------+----+-----------+-----+-----------+
    |      Name     | LUT| Input Size| Bits| Total Bits|
    +---------------+----+-----------+-----+-----------+
    |ap_NS_fsm      |  21|         24|    1|         24|
    |i_1_reg_462    |   6|          2|    6|         12|
    |i_reg_451      |   5|          2|    5|         10|
    |k_address0     |  35|         25|    5|        125|
    |k_address1     |  35|         25|    5|        125|
    |k_d0           |   8|          6|    8|         48|
    |k_d1           |   8|          6|    8|         48|
    |reg_495        |   8|          2|    8|         16|
    |sbox_address0  |   8|          5|    8|         40|
    |sbox_address1  |   8|          4|    8|         32|
    +---------------+----+-----------+-----+-----------+
    |Total          | 142|        101|   62|        480|
    +---------------+----+-----------+-----+-----------+

    * Register: 
    +--------------------+----+----+-----+-----------+
    |        Name        | FF | LUT| Bits| Const Bits|
    +--------------------+----+----+-----+-----------+
    |ap_CS_fsm           |  23|   0|   23|          0|
    |i_1_reg_462         |   6|   0|    6|          0|
    |i_28_reg_920        |   5|   0|    5|          0|
    |i_29_reg_1040       |   6|   0|    6|          0|
    |i_reg_451           |   5|   0|    5|          0|
    |k_addr_11_reg_940   |   3|   0|    5|          2|
    |k_addr_13_reg_950   |   3|   0|    5|          2|
    |k_addr_15_reg_961   |   2|   0|    5|          3|
    |k_addr_25_reg_1034  |   5|   0|    5|          0|
    |k_addr_27_reg_1050  |   4|   0|    5|          1|
    |k_addr_29_reg_1060  |   4|   0|    5|          1|
    |k_addr_31_reg_1071  |   3|   0|    5|          2|
    |k_addr_9_reg_914    |   5|   0|    5|          0|
    |k_load_6_reg_847    |   8|   0|    8|          0|
    |reg_491             |   8|   0|    8|          0|
    |reg_495             |   8|   0|    8|          0|
    |reg_500             |   8|   0|    8|          0|
    |reg_506             |   8|   0|    8|          0|
    |reg_511             |   8|   0|    8|          0|
    |reg_516             |   8|   0|    8|          0|
    |reg_521             |   8|   0|    8|          0|
    |tmp_23_reg_899      |   4|   0|    4|          0|
    |tmp_25_reg_1019     |   5|   0|    5|          0|
    |tmp_39_reg_857      |   8|   0|    8|          0|
    |tmp_41_reg_882      |   8|   0|    8|          0|
    |tmp_43_reg_887      |   8|   0|    8|          0|
    |y_20_reg_892        |   8|   0|    8|          0|
    +--------------------+----+----+-----+-----------+
    |Total               | 179|   0|  190|         11|
    +--------------------+----+----+-----+-----------+



================================================================
== Interface
================================================================
* Summary: 
+------------+-----+-----+------------+------------------+--------------+
|  RTL Ports | Dir | Bits|  Protocol  |   Source Object  |    C Type    |
+------------+-----+-----+------------+------------------+--------------+
|ap_clk      |  in |    1| ap_ctrl_hs | aes_expandEncKey | return value |
|ap_rst      |  in |    1| ap_ctrl_hs | aes_expandEncKey | return value |
|ap_start    |  in |    1| ap_ctrl_hs | aes_expandEncKey | return value |
|ap_done     | out |    1| ap_ctrl_hs | aes_expandEncKey | return value |
|ap_idle     | out |    1| ap_ctrl_hs | aes_expandEncKey | return value |
|ap_ready    | out |    1| ap_ctrl_hs | aes_expandEncKey | return value |
|ap_return   | out |    8| ap_ctrl_hs | aes_expandEncKey | return value |
|k_address0  | out |    5|  ap_memory |         k        |     array    |
|k_ce0       | out |    1|  ap_memory |         k        |     array    |
|k_we0       | out |    1|  ap_memory |         k        |     array    |
|k_d0        | out |    8|  ap_memory |         k        |     array    |
|k_q0        |  in |    8|  ap_memory |         k        |     array    |
|k_address1  | out |    5|  ap_memory |         k        |     array    |
|k_ce1       | out |    1|  ap_memory |         k        |     array    |
|k_we1       | out |    1|  ap_memory |         k        |     array    |
|k_d1        | out |    8|  ap_memory |         k        |     array    |
|k_q1        |  in |    8|  ap_memory |         k        |     array    |
|rc_read     |  in |    8|   ap_none  |      rc_read     |    scalar    |
+------------+-----+-----+------------+------------------+--------------+

