

================================================================
== Vivado HLS Report for 'aes_decrypt_ecb'
================================================================
* Date:           Thu Jun  8 07:23:49 2017

* Version:        2016.4 (Build 1756540 on Mon Jan 23 19:31:01 MST 2017)
* Project:        aescbc
* Solution:       solution1
* Product family: zynq
* Target device:  xc7z020clg484-1


================================================================
== Performance Estimates
================================================================
+ Timing (ns): 
    * Summary: 
    +--------+-------+----------+------------+
    |  Clock | Target| Estimated| Uncertainty|
    +--------+-------+----------+------------+
    |ap_clk  |   8.00|      6.15|        1.00|
    +--------+-------+----------+------------+

+ Latency (clock cycles): 
    * Summary: 
    +------+------+------+------+---------+
    |   Latency   |   Interval  | Pipeline|
    |  min |  max |  min |  max |   Type  |
    +------+------+------+------+---------+
    |  1740|  2377|  1740|  2377|   none  |
    +------+------+------+------+---------+

    + Detail: 
        * Instance: 
        N/A

        * Loop: 
        +-------------+------+------+-----------+-----------+-----------+------+----------+
        |             |   Latency   | Iteration |  Initiation Interval  | Trip |          |
        |  Loop Name  |  min |  max |  Latency  |  achieved |   target  | Count| Pipelined|
        +-------------+------+------+-----------+-----------+-----------+------+----------+
        |- Loop 1     |    32|    32|          2|          -|          -|    16|    no    |
        |- Loop 2     |    48|    48|          3|          -|          -|    16|    no    |
        |- Loop 3     |  1612|  2249| 124 ~ 173 |          -|          -|    13|    no    |
        | + Loop 3.1  |    48|    48|          3|          -|          -|    16|    no    |
        +-------------+------+------+-----------+-----------+-----------+------+----------+

============================================================
+ Verbose Summary: Synthesis Manager
============================================================
InlineROM: 1
ExposeGlobal: 0
============================================================
+ Verbose Summary: CDFG Model
============================================================
IsTopModel: 0
ResetActiveHigh: 1
IsCombinational: 0
IsDatapathOnly: 0
HasWiredReturn: 1
HasMFsm: 0
HasVarLatency: 1
IsPipeline: 0
IsRtlPipelined: 0
IsInstanceOverlapped: 0
IsDontTouch: 0
HasImplIP: 0
IsGatedGlobalClock: 0


============================================================
+ Verbose Summary: Schedule
============================================================
* Number of FSM states: 40
* Pipeline: 0
* Dataflow Pipeline: 0

* FSM state transitions: 
1 --> 
	2  / true
2 --> 
	3  / (!tmp_i)
	4  / (tmp_i)
3 --> 
	2  / true
4 --> 
	5  / true
5 --> 
	6  / true
6 --> 
	7  / true
7 --> 
	8  / true
8 --> 
	9  / true
9 --> 
	10  / true
10 --> 
	11  / true
11 --> 
	12  / true
12 --> 
	13  / true
13 --> 
	14  / true
14 --> 
	15  / true
15 --> 
	16  / (!tmp_i6)
	18  / (tmp_i6)
16 --> 
	17  / true
17 --> 
	15  / true
18 --> 
	40  / (tmp)
	19  / (!tmp & !tmp_37)
	20  / (!tmp & tmp_37)
19 --> 
	22  / true
20 --> 
	21  / true
21 --> 
	22  / true
22 --> 
	23  / true
23 --> 
	24  / true
24 --> 
	25  / true
25 --> 
	26  / true
26 --> 
	27  / true
27 --> 
	28  / true
28 --> 
	29  / true
29 --> 
	30  / true
30 --> 
	31  / true
31 --> 
	32  / true
32 --> 
	33  / true
33 --> 
	34  / true
34 --> 
	35  / true
35 --> 
	36  / true
36 --> 
	37  / true
37 --> 
	38  / (!tmp_i1)
	18  / (tmp_i1)
38 --> 
	39  / true
39 --> 
	37  / true
40 --> 
* FSM state operations: 

 <State 1>: 1.57ns
ST_1: StgValue_41 (6)  [1/1] 1.57ns  loc: aescbc/src/aesecb.c:222->aescbc/src/aesecb.c:382
:0  br label %1


 <State 2>: 4.11ns
ST_2: i_i (8)  [1/1] 0.00ns
:0  %i_i = phi i5 [ -16, %0 ], [ %i_39, %2 ]

ST_2: i_39 (9)  [1/1] 1.72ns  loc: aescbc/src/aesecb.c:222->aescbc/src/aesecb.c:382
:1  %i_39 = add i5 %i_i, -1

ST_2: i_42_cast (10)  [1/1] 0.00ns  loc: aescbc/src/aesecb.c:222->aescbc/src/aesecb.c:382
:2  %i_42_cast = sext i5 %i_39 to i8

ST_2: tmp_i (11)  [1/1] 1.91ns  loc: aescbc/src/aesecb.c:222->aescbc/src/aesecb.c:382
:3  %tmp_i = icmp eq i5 %i_i, 0

ST_2: empty (12)  [1/1] 0.00ns
:4  %empty = call i32 (...)* @_ssdm_op_SpecLoopTripCount(i64 16, i64 16, i64 16)

ST_2: StgValue_47 (13)  [1/1] 0.00ns  loc: aescbc/src/aesecb.c:222->aescbc/src/aesecb.c:382
:5  br i1 %tmp_i, label %aes_addRoundKey_cpy.exit, label %2

ST_2: tmp_i_31 (15)  [1/1] 0.00ns  loc: aescbc/src/aesecb.c:222->aescbc/src/aesecb.c:382
:0  %tmp_i_31 = zext i8 %i_42_cast to i64

ST_2: ctx_deckey_addr (16)  [1/1] 0.00ns  loc: aescbc/src/aesecb.c:222->aescbc/src/aesecb.c:382
:1  %ctx_deckey_addr = getelementptr [32 x i8]* @ctx_deckey, i64 0, i64 %tmp_i_31

ST_2: ctx_deckey_load (17)  [2/2] 2.39ns  loc: aescbc/src/aesecb.c:222->aescbc/src/aesecb.c:382
:2  %ctx_deckey_load = load i8* %ctx_deckey_addr, align 1

ST_2: buf_addr_40 (20)  [1/1] 0.00ns  loc: aescbc/src/aesecb.c:222->aescbc/src/aesecb.c:382
:5  %buf_addr_40 = getelementptr [16 x i8]* %buf_r, i64 0, i64 %tmp_i_31

ST_2: buf_load_46 (21)  [2/2] 2.39ns  loc: aescbc/src/aesecb.c:222->aescbc/src/aesecb.c:382
:6  %buf_load_46 = load i8* %buf_addr_40, align 1

ST_2: tmp_209_i (24)  [1/1] 1.72ns  loc: aescbc/src/aesecb.c:222->aescbc/src/aesecb.c:382
:9  %tmp_209_i = add i5 %i_i, 15

ST_2: tmp_210_i (25)  [1/1] 0.00ns  loc: aescbc/src/aesecb.c:222->aescbc/src/aesecb.c:382
:10  %tmp_210_i = zext i5 %tmp_209_i to i64

ST_2: ctx_deckey_addr_1 (26)  [1/1] 0.00ns  loc: aescbc/src/aesecb.c:222->aescbc/src/aesecb.c:382
:11  %ctx_deckey_addr_1 = getelementptr [32 x i8]* @ctx_deckey, i64 0, i64 %tmp_210_i

ST_2: ctx_deckey_load_1 (27)  [2/2] 2.39ns  loc: aescbc/src/aesecb.c:222->aescbc/src/aesecb.c:382
:12  %ctx_deckey_load_1 = load i8* %ctx_deckey_addr_1, align 1

ST_2: buf_addr (32)  [1/1] 0.00ns  loc: aescbc/src/aesecb.c:243->aescbc/src/aesecb.c:383
aes_addRoundKey_cpy.exit:0  %buf_addr = getelementptr [16 x i8]* %buf_r, i64 0, i64 1

ST_2: i_40 (33)  [2/2] 2.39ns  loc: aescbc/src/aesecb.c:243->aescbc/src/aesecb.c:383
aes_addRoundKey_cpy.exit:1  %i_40 = load i8* %buf_addr, align 1

ST_2: buf_addr_29 (34)  [1/1] 0.00ns  loc: aescbc/src/aesecb.c:243->aescbc/src/aesecb.c:383
aes_addRoundKey_cpy.exit:2  %buf_addr_29 = getelementptr [16 x i8]* %buf_r, i64 0, i64 13

ST_2: buf_load (35)  [2/2] 2.39ns  loc: aescbc/src/aesecb.c:243->aescbc/src/aesecb.c:383
aes_addRoundKey_cpy.exit:3  %buf_load = load i8* %buf_addr_29, align 1


 <State 3>: 6.15ns
ST_3: ctx_deckey_load (17)  [1/2] 2.39ns  loc: aescbc/src/aesecb.c:222->aescbc/src/aesecb.c:382
:2  %ctx_deckey_load = load i8* %ctx_deckey_addr, align 1

ST_3: ctx_key_addr (18)  [1/1] 0.00ns  loc: aescbc/src/aesecb.c:222->aescbc/src/aesecb.c:382
:3  %ctx_key_addr = getelementptr [32 x i8]* @ctx_key, i64 0, i64 %tmp_i_31

ST_3: StgValue_63 (19)  [1/1] 2.39ns  loc: aescbc/src/aesecb.c:222->aescbc/src/aesecb.c:382
:4  store i8 %ctx_deckey_load, i8* %ctx_key_addr, align 1

ST_3: buf_load_46 (21)  [1/2] 2.39ns  loc: aescbc/src/aesecb.c:222->aescbc/src/aesecb.c:382
:6  %buf_load_46 = load i8* %buf_addr_40, align 1

ST_3: tmp_207_i (22)  [1/1] 1.37ns  loc: aescbc/src/aesecb.c:222->aescbc/src/aesecb.c:382
:7  %tmp_207_i = xor i8 %buf_load_46, %ctx_deckey_load

ST_3: StgValue_66 (23)  [1/1] 2.39ns  loc: aescbc/src/aesecb.c:222->aescbc/src/aesecb.c:382
:8  store i8 %tmp_207_i, i8* %buf_addr_40, align 1

ST_3: ctx_deckey_load_1 (27)  [1/2] 2.39ns  loc: aescbc/src/aesecb.c:222->aescbc/src/aesecb.c:382
:12  %ctx_deckey_load_1 = load i8* %ctx_deckey_addr_1, align 1

ST_3: ctx_key_addr_17 (28)  [1/1] 0.00ns  loc: aescbc/src/aesecb.c:222->aescbc/src/aesecb.c:382
:13  %ctx_key_addr_17 = getelementptr [32 x i8]* @ctx_key, i64 0, i64 %tmp_210_i

ST_3: StgValue_69 (29)  [1/1] 2.39ns  loc: aescbc/src/aesecb.c:222->aescbc/src/aesecb.c:382
:14  store i8 %ctx_deckey_load_1, i8* %ctx_key_addr_17, align 1

ST_3: StgValue_70 (30)  [1/1] 0.00ns  loc: aescbc/src/aesecb.c:222->aescbc/src/aesecb.c:382
:15  br label %1


 <State 4>: 2.39ns
ST_4: i_40 (33)  [1/2] 2.39ns  loc: aescbc/src/aesecb.c:243->aescbc/src/aesecb.c:383
aes_addRoundKey_cpy.exit:1  %i_40 = load i8* %buf_addr, align 1

ST_4: buf_load (35)  [1/2] 2.39ns  loc: aescbc/src/aesecb.c:243->aescbc/src/aesecb.c:383
aes_addRoundKey_cpy.exit:3  %buf_load = load i8* %buf_addr_29, align 1

ST_4: buf_addr_30 (37)  [1/1] 0.00ns  loc: aescbc/src/aesecb.c:243->aescbc/src/aesecb.c:383
aes_addRoundKey_cpy.exit:5  %buf_addr_30 = getelementptr [16 x i8]* %buf_r, i64 0, i64 9

ST_4: buf_load_36 (38)  [2/2] 2.39ns  loc: aescbc/src/aesecb.c:243->aescbc/src/aesecb.c:383
aes_addRoundKey_cpy.exit:6  %buf_load_36 = load i8* %buf_addr_30, align 1

ST_4: buf_addr_31 (40)  [1/1] 0.00ns  loc: aescbc/src/aesecb.c:243->aescbc/src/aesecb.c:383
aes_addRoundKey_cpy.exit:8  %buf_addr_31 = getelementptr [16 x i8]* %buf_r, i64 0, i64 5

ST_4: buf_load_37 (41)  [2/2] 2.39ns  loc: aescbc/src/aesecb.c:243->aescbc/src/aesecb.c:383
aes_addRoundKey_cpy.exit:9  %buf_load_37 = load i8* %buf_addr_31, align 1


 <State 5>: 2.39ns
ST_5: buf_load_36 (38)  [1/2] 2.39ns  loc: aescbc/src/aesecb.c:243->aescbc/src/aesecb.c:383
aes_addRoundKey_cpy.exit:6  %buf_load_36 = load i8* %buf_addr_30, align 1

ST_5: buf_load_37 (41)  [1/2] 2.39ns  loc: aescbc/src/aesecb.c:243->aescbc/src/aesecb.c:383
aes_addRoundKey_cpy.exit:9  %buf_load_37 = load i8* %buf_addr_31, align 1

ST_5: buf_addr_32 (44)  [1/1] 0.00ns  loc: aescbc/src/aesecb.c:244->aescbc/src/aesecb.c:383
aes_addRoundKey_cpy.exit:12  %buf_addr_32 = getelementptr [16 x i8]* %buf_r, i64 0, i64 2

ST_5: i_41 (45)  [2/2] 2.39ns  loc: aescbc/src/aesecb.c:244->aescbc/src/aesecb.c:383
aes_addRoundKey_cpy.exit:13  %i_41 = load i8* %buf_addr_32, align 1

ST_5: buf_addr_33 (46)  [1/1] 0.00ns  loc: aescbc/src/aesecb.c:244->aescbc/src/aesecb.c:383
aes_addRoundKey_cpy.exit:14  %buf_addr_33 = getelementptr [16 x i8]* %buf_r, i64 0, i64 10

ST_5: buf_load_39 (47)  [2/2] 2.39ns  loc: aescbc/src/aesecb.c:244->aescbc/src/aesecb.c:383
aes_addRoundKey_cpy.exit:15  %buf_load_39 = load i8* %buf_addr_33, align 1


 <State 6>: 2.39ns
ST_6: i_41 (45)  [1/2] 2.39ns  loc: aescbc/src/aesecb.c:244->aescbc/src/aesecb.c:383
aes_addRoundKey_cpy.exit:13  %i_41 = load i8* %buf_addr_32, align 1

ST_6: buf_load_39 (47)  [1/2] 2.39ns  loc: aescbc/src/aesecb.c:244->aescbc/src/aesecb.c:383
aes_addRoundKey_cpy.exit:15  %buf_load_39 = load i8* %buf_addr_33, align 1

ST_6: buf_addr_34 (50)  [1/1] 0.00ns  loc: aescbc/src/aesecb.c:245->aescbc/src/aesecb.c:383
aes_addRoundKey_cpy.exit:18  %buf_addr_34 = getelementptr [16 x i8]* %buf_r, i64 0, i64 3

ST_6: j (51)  [2/2] 2.39ns  loc: aescbc/src/aesecb.c:245->aescbc/src/aesecb.c:383
aes_addRoundKey_cpy.exit:19  %j = load i8* %buf_addr_34, align 1

ST_6: buf_addr_35 (52)  [1/1] 0.00ns  loc: aescbc/src/aesecb.c:245->aescbc/src/aesecb.c:383
aes_addRoundKey_cpy.exit:20  %buf_addr_35 = getelementptr [16 x i8]* %buf_r, i64 0, i64 7

ST_6: buf_load_41 (53)  [2/2] 2.39ns  loc: aescbc/src/aesecb.c:245->aescbc/src/aesecb.c:383
aes_addRoundKey_cpy.exit:21  %buf_load_41 = load i8* %buf_addr_35, align 1


 <State 7>: 2.39ns
ST_7: j (51)  [1/2] 2.39ns  loc: aescbc/src/aesecb.c:245->aescbc/src/aesecb.c:383
aes_addRoundKey_cpy.exit:19  %j = load i8* %buf_addr_34, align 1

ST_7: buf_load_41 (53)  [1/2] 2.39ns  loc: aescbc/src/aesecb.c:245->aescbc/src/aesecb.c:383
aes_addRoundKey_cpy.exit:21  %buf_load_41 = load i8* %buf_addr_35, align 1

ST_7: buf_addr_36 (55)  [1/1] 0.00ns  loc: aescbc/src/aesecb.c:245->aescbc/src/aesecb.c:383
aes_addRoundKey_cpy.exit:23  %buf_addr_36 = getelementptr [16 x i8]* %buf_r, i64 0, i64 11

ST_7: buf_load_42 (56)  [2/2] 2.39ns  loc: aescbc/src/aesecb.c:245->aescbc/src/aesecb.c:383
aes_addRoundKey_cpy.exit:24  %buf_load_42 = load i8* %buf_addr_36, align 1

ST_7: buf_addr_37 (58)  [1/1] 0.00ns  loc: aescbc/src/aesecb.c:245->aescbc/src/aesecb.c:383
aes_addRoundKey_cpy.exit:26  %buf_addr_37 = getelementptr [16 x i8]* %buf_r, i64 0, i64 15

ST_7: buf_load_43 (59)  [2/2] 2.39ns  loc: aescbc/src/aesecb.c:245->aescbc/src/aesecb.c:383
aes_addRoundKey_cpy.exit:27  %buf_load_43 = load i8* %buf_addr_37, align 1


 <State 8>: 2.39ns
ST_8: buf_load_42 (56)  [1/2] 2.39ns  loc: aescbc/src/aesecb.c:245->aescbc/src/aesecb.c:383
aes_addRoundKey_cpy.exit:24  %buf_load_42 = load i8* %buf_addr_36, align 1

ST_8: buf_load_43 (59)  [1/2] 2.39ns  loc: aescbc/src/aesecb.c:245->aescbc/src/aesecb.c:383
aes_addRoundKey_cpy.exit:27  %buf_load_43 = load i8* %buf_addr_37, align 1

ST_8: buf_addr_38 (62)  [1/1] 0.00ns  loc: aescbc/src/aesecb.c:246->aescbc/src/aesecb.c:383
aes_addRoundKey_cpy.exit:30  %buf_addr_38 = getelementptr [16 x i8]* %buf_r, i64 0, i64 6

ST_8: j_4 (63)  [2/2] 2.39ns  loc: aescbc/src/aesecb.c:246->aescbc/src/aesecb.c:383
aes_addRoundKey_cpy.exit:31  %j_4 = load i8* %buf_addr_38, align 1

ST_8: buf_addr_39 (64)  [1/1] 0.00ns  loc: aescbc/src/aesecb.c:246->aescbc/src/aesecb.c:383
aes_addRoundKey_cpy.exit:32  %buf_addr_39 = getelementptr [16 x i8]* %buf_r, i64 0, i64 14

ST_8: buf_load_45 (65)  [2/2] 2.39ns  loc: aescbc/src/aesecb.c:246->aescbc/src/aesecb.c:383
aes_addRoundKey_cpy.exit:33  %buf_load_45 = load i8* %buf_addr_39, align 1


 <State 9>: 2.39ns
ST_9: StgValue_101 (36)  [1/1] 2.39ns  loc: aescbc/src/aesecb.c:243->aescbc/src/aesecb.c:383
aes_addRoundKey_cpy.exit:4  store i8 %buf_load, i8* %buf_addr, align 1

ST_9: StgValue_102 (39)  [1/1] 2.39ns  loc: aescbc/src/aesecb.c:243->aescbc/src/aesecb.c:383
aes_addRoundKey_cpy.exit:7  store i8 %buf_load_36, i8* %buf_addr_29, align 1

ST_9: j_4 (63)  [1/2] 2.39ns  loc: aescbc/src/aesecb.c:246->aescbc/src/aesecb.c:383
aes_addRoundKey_cpy.exit:31  %j_4 = load i8* %buf_addr_38, align 1

ST_9: buf_load_45 (65)  [1/2] 2.39ns  loc: aescbc/src/aesecb.c:246->aescbc/src/aesecb.c:383
aes_addRoundKey_cpy.exit:33  %buf_load_45 = load i8* %buf_addr_39, align 1


 <State 10>: 2.39ns
ST_10: StgValue_105 (42)  [1/1] 2.39ns  loc: aescbc/src/aesecb.c:243->aescbc/src/aesecb.c:383
aes_addRoundKey_cpy.exit:10  store i8 %buf_load_37, i8* %buf_addr_30, align 1

ST_10: StgValue_106 (43)  [1/1] 2.39ns  loc: aescbc/src/aesecb.c:243->aescbc/src/aesecb.c:383
aes_addRoundKey_cpy.exit:11  store i8 %i_40, i8* %buf_addr_31, align 1


 <State 11>: 2.39ns
ST_11: StgValue_107 (48)  [1/1] 2.39ns  loc: aescbc/src/aesecb.c:244->aescbc/src/aesecb.c:383
aes_addRoundKey_cpy.exit:16  store i8 %buf_load_39, i8* %buf_addr_32, align 1

ST_11: StgValue_108 (49)  [1/1] 2.39ns  loc: aescbc/src/aesecb.c:244->aescbc/src/aesecb.c:383
aes_addRoundKey_cpy.exit:17  store i8 %i_41, i8* %buf_addr_33, align 1


 <State 12>: 2.39ns
ST_12: StgValue_109 (54)  [1/1] 2.39ns  loc: aescbc/src/aesecb.c:245->aescbc/src/aesecb.c:383
aes_addRoundKey_cpy.exit:22  store i8 %buf_load_41, i8* %buf_addr_34, align 1

ST_12: StgValue_110 (57)  [1/1] 2.39ns  loc: aescbc/src/aesecb.c:245->aescbc/src/aesecb.c:383
aes_addRoundKey_cpy.exit:25  store i8 %buf_load_42, i8* %buf_addr_35, align 1


 <State 13>: 2.39ns
ST_13: StgValue_111 (60)  [1/1] 2.39ns  loc: aescbc/src/aesecb.c:245->aescbc/src/aesecb.c:383
aes_addRoundKey_cpy.exit:28  store i8 %buf_load_43, i8* %buf_addr_36, align 1

ST_13: StgValue_112 (61)  [1/1] 2.39ns  loc: aescbc/src/aesecb.c:245->aescbc/src/aesecb.c:383
aes_addRoundKey_cpy.exit:29  store i8 %j, i8* %buf_addr_37, align 1


 <State 14>: 2.39ns
ST_14: StgValue_113 (66)  [1/1] 2.39ns  loc: aescbc/src/aesecb.c:246->aescbc/src/aesecb.c:383
aes_addRoundKey_cpy.exit:34  store i8 %buf_load_45, i8* %buf_addr_38, align 1

ST_14: StgValue_114 (67)  [1/1] 2.39ns  loc: aescbc/src/aesecb.c:246->aescbc/src/aesecb.c:383
aes_addRoundKey_cpy.exit:35  store i8 %j_4, i8* %buf_addr_39, align 1

ST_14: StgValue_115 (68)  [1/1] 1.57ns  loc: aescbc/src/aesecb.c:206->aescbc/src/aesecb.c:384
aes_addRoundKey_cpy.exit:36  br label %3


 <State 15>: 4.11ns
ST_15: i_i5 (70)  [1/1] 0.00ns
:0  %i_i5 = phi i5 [ -16, %aes_addRoundKey_cpy.exit ], [ %i_42, %4 ]

ST_15: i_42 (71)  [1/1] 1.72ns  loc: aescbc/src/aesecb.c:206->aescbc/src/aesecb.c:384
:1  %i_42 = add i5 %i_i5, -1

ST_15: i_45_cast (72)  [1/1] 0.00ns  loc: aescbc/src/aesecb.c:206->aescbc/src/aesecb.c:384
:2  %i_45_cast = sext i5 %i_42 to i8

ST_15: tmp_i6 (73)  [1/1] 1.91ns  loc: aescbc/src/aesecb.c:206->aescbc/src/aesecb.c:384
:3  %tmp_i6 = icmp eq i5 %i_i5, 0

ST_15: empty_32 (74)  [1/1] 0.00ns
:4  %empty_32 = call i32 (...)* @_ssdm_op_SpecLoopTripCount(i64 16, i64 16, i64 16)

ST_15: StgValue_121 (75)  [1/1] 0.00ns  loc: aescbc/src/aesecb.c:206->aescbc/src/aesecb.c:384
:5  br i1 %tmp_i6, label %aes_subBytes_inv.exit.preheader, label %4

ST_15: tmp_i7 (77)  [1/1] 0.00ns  loc: aescbc/src/aesecb.c:206->aescbc/src/aesecb.c:384
:0  %tmp_i7 = zext i8 %i_45_cast to i64

ST_15: buf_addr_41 (78)  [1/1] 0.00ns  loc: aescbc/src/aesecb.c:206->aescbc/src/aesecb.c:384
:1  %buf_addr_41 = getelementptr [16 x i8]* %buf_r, i64 0, i64 %tmp_i7

ST_15: buf_load_47 (79)  [2/2] 2.39ns  loc: aescbc/src/aesecb.c:206->aescbc/src/aesecb.c:384
:2  %buf_load_47 = load i8* %buf_addr_41, align 1

ST_15: rcon (86)  [1/1] 0.00ns
aes_subBytes_inv.exit.preheader:0  %rcon = alloca i8

ST_15: StgValue_126 (87)  [1/1] 1.57ns
aes_subBytes_inv.exit.preheader:1  store i8 -128, i8* %rcon

ST_15: StgValue_127 (88)  [1/1] 1.57ns  loc: aescbc/src/aesecb.c:386
aes_subBytes_inv.exit.preheader:2  br label %aes_subBytes_inv.exit


 <State 16>: 4.78ns
ST_16: buf_load_47 (79)  [1/2] 2.39ns  loc: aescbc/src/aesecb.c:206->aescbc/src/aesecb.c:384
:2  %buf_load_47 = load i8* %buf_addr_41, align 1

ST_16: tmp_28_i (80)  [1/1] 0.00ns  loc: aescbc/src/aesecb.c:206->aescbc/src/aesecb.c:384
:3  %tmp_28_i = zext i8 %buf_load_47 to i64

ST_16: sboxinv_addr (81)  [1/1] 0.00ns  loc: aescbc/src/aesecb.c:206->aescbc/src/aesecb.c:384
:4  %sboxinv_addr = getelementptr inbounds [256 x i8]* @sboxinv, i64 0, i64 %tmp_28_i

ST_16: sboxinv_load (82)  [2/2] 2.39ns  loc: aescbc/src/aesecb.c:206->aescbc/src/aesecb.c:384
:5  %sboxinv_load = load i8* %sboxinv_addr, align 1


 <State 17>: 4.78ns
ST_17: sboxinv_load (82)  [1/2] 2.39ns  loc: aescbc/src/aesecb.c:206->aescbc/src/aesecb.c:384
:5  %sboxinv_load = load i8* %sboxinv_addr, align 1

ST_17: StgValue_133 (83)  [1/1] 2.39ns  loc: aescbc/src/aesecb.c:206->aescbc/src/aesecb.c:384
:6  store i8 %sboxinv_load, i8* %buf_addr_41, align 1

ST_17: StgValue_134 (84)  [1/1] 0.00ns  loc: aescbc/src/aesecb.c:206->aescbc/src/aesecb.c:384
:7  br label %3


 <State 18>: 1.88ns
ST_18: i (90)  [1/1] 0.00ns  loc: aescbc/src/aesecb.c:397
aes_subBytes_inv.exit:0  %i = phi i4 [ %phitmp, %aes_subBytes_inv.exit43 ], [ -3, %aes_subBytes_inv.exit.preheader ]

ST_18: tmp (91)  [1/1] 1.88ns  loc: aescbc/src/aesecb.c:386
aes_subBytes_inv.exit:1  %tmp = icmp eq i4 %i, 0

ST_18: empty_33 (92)  [1/1] 0.00ns
aes_subBytes_inv.exit:2  %empty_33 = call i32 (...)* @_ssdm_op_SpecLoopTripCount(i64 13, i64 13, i64 13)

ST_18: StgValue_138 (93)  [1/1] 0.00ns  loc: aescbc/src/aesecb.c:386
aes_subBytes_inv.exit:3  br i1 %tmp, label %11, label %5

ST_18: tmp_37 (95)  [1/1] 0.00ns  loc: aescbc/src/aesecb.c:386
:0  %tmp_37 = trunc i4 %i to i1

ST_18: StgValue_140 (96)  [1/1] 0.00ns  loc: aescbc/src/aesecb.c:388
:1  br i1 %tmp_37, label %6, label %7

ST_18: StgValue_141 (98)  [2/2] 1.57ns  loc: aescbc/src/aesecb.c:393
:0  call fastcc void @aes_addRoundKey([16 x i8]* %buf_r, [32 x i8]* @ctx_key, i6 0)

ST_18: rcon_load (101)  [1/1] 0.00ns  loc: aescbc/src/aesecb.c:390
:0  %rcon_load = load i8* %rcon

ST_18: rcon_2 (102)  [2/2] 0.00ns  loc: aescbc/src/aesecb.c:390
:1  %rcon_2 = call fastcc i8 @aes_expandDecKey(i8 %rcon_load)

ST_18: StgValue_144 (153)  [2/2] 1.57ns  loc: aescbc/src/aesecb.c:398
:0  call fastcc void @aes_addRoundKey([16 x i8]* %buf_r, [32 x i8]* @ctx_key, i6 0)


 <State 19>: 0.00ns
ST_19: StgValue_145 (98)  [1/2] 0.00ns  loc: aescbc/src/aesecb.c:393
:0  call fastcc void @aes_addRoundKey([16 x i8]* %buf_r, [32 x i8]* @ctx_key, i6 0)

ST_19: StgValue_146 (99)  [1/1] 0.00ns
:1  br label %8


 <State 20>: 1.57ns
ST_20: rcon_2 (102)  [1/2] 0.00ns  loc: aescbc/src/aesecb.c:390
:1  %rcon_2 = call fastcc i8 @aes_expandDecKey(i8 %rcon_load)

ST_20: StgValue_148 (104)  [1/1] 1.57ns  loc: aescbc/src/aesecb.c:390
:3  store i8 %rcon_2, i8* %rcon


 <State 21>: 1.57ns
ST_21: StgValue_149 (103)  [2/2] 1.57ns  loc: aescbc/src/aesecb.c:391
:2  call fastcc void @aes_addRoundKey([16 x i8]* %buf_r, [32 x i8]* @ctx_key, i6 16)


 <State 22>: 0.00ns
ST_22: StgValue_150 (103)  [1/2] 0.00ns  loc: aescbc/src/aesecb.c:391
:2  call fastcc void @aes_addRoundKey([16 x i8]* %buf_r, [32 x i8]* @ctx_key, i6 16)

ST_22: StgValue_151 (105)  [1/1] 0.00ns  loc: aescbc/src/aesecb.c:392
:4  br label %8


 <State 23>: 0.00ns
ST_23: StgValue_152 (107)  [2/2] 0.00ns  loc: aescbc/src/aesecb.c:394
:0  call fastcc void @aes_mixColumns_inv([16 x i8]* %buf_r)


 <State 24>: 0.00ns
ST_24: StgValue_153 (107)  [1/2] 0.00ns  loc: aescbc/src/aesecb.c:394
:0  call fastcc void @aes_mixColumns_inv([16 x i8]* %buf_r)


 <State 25>: 2.39ns
ST_25: i_43 (108)  [2/2] 2.39ns  loc: aescbc/src/aesecb.c:243->aescbc/src/aesecb.c:395
:1  %i_43 = load i8* %buf_addr, align 1

ST_25: buf_load_49 (109)  [2/2] 2.39ns  loc: aescbc/src/aesecb.c:243->aescbc/src/aesecb.c:395
:2  %buf_load_49 = load i8* %buf_addr_29, align 1


 <State 26>: 2.39ns
ST_26: i_43 (108)  [1/2] 2.39ns  loc: aescbc/src/aesecb.c:243->aescbc/src/aesecb.c:395
:1  %i_43 = load i8* %buf_addr, align 1

ST_26: buf_load_49 (109)  [1/2] 2.39ns  loc: aescbc/src/aesecb.c:243->aescbc/src/aesecb.c:395
:2  %buf_load_49 = load i8* %buf_addr_29, align 1

ST_26: buf_load_50 (111)  [2/2] 2.39ns  loc: aescbc/src/aesecb.c:243->aescbc/src/aesecb.c:395
:4  %buf_load_50 = load i8* %buf_addr_30, align 1

ST_26: buf_load_51 (113)  [2/2] 2.39ns  loc: aescbc/src/aesecb.c:243->aescbc/src/aesecb.c:395
:6  %buf_load_51 = load i8* %buf_addr_31, align 1


 <State 27>: 2.39ns
ST_27: buf_load_50 (111)  [1/2] 2.39ns  loc: aescbc/src/aesecb.c:243->aescbc/src/aesecb.c:395
:4  %buf_load_50 = load i8* %buf_addr_30, align 1

ST_27: buf_load_51 (113)  [1/2] 2.39ns  loc: aescbc/src/aesecb.c:243->aescbc/src/aesecb.c:395
:6  %buf_load_51 = load i8* %buf_addr_31, align 1

ST_27: i_44 (116)  [2/2] 2.39ns  loc: aescbc/src/aesecb.c:244->aescbc/src/aesecb.c:395
:9  %i_44 = load i8* %buf_addr_32, align 1

ST_27: buf_load_53 (117)  [2/2] 2.39ns  loc: aescbc/src/aesecb.c:244->aescbc/src/aesecb.c:395
:10  %buf_load_53 = load i8* %buf_addr_33, align 1


 <State 28>: 2.39ns
ST_28: i_44 (116)  [1/2] 2.39ns  loc: aescbc/src/aesecb.c:244->aescbc/src/aesecb.c:395
:9  %i_44 = load i8* %buf_addr_32, align 1

ST_28: buf_load_53 (117)  [1/2] 2.39ns  loc: aescbc/src/aesecb.c:244->aescbc/src/aesecb.c:395
:10  %buf_load_53 = load i8* %buf_addr_33, align 1

ST_28: j_5 (120)  [2/2] 2.39ns  loc: aescbc/src/aesecb.c:245->aescbc/src/aesecb.c:395
:13  %j_5 = load i8* %buf_addr_34, align 1

ST_28: buf_load_55 (121)  [2/2] 2.39ns  loc: aescbc/src/aesecb.c:245->aescbc/src/aesecb.c:395
:14  %buf_load_55 = load i8* %buf_addr_35, align 1


 <State 29>: 2.39ns
ST_29: j_5 (120)  [1/2] 2.39ns  loc: aescbc/src/aesecb.c:245->aescbc/src/aesecb.c:395
:13  %j_5 = load i8* %buf_addr_34, align 1

ST_29: buf_load_55 (121)  [1/2] 2.39ns  loc: aescbc/src/aesecb.c:245->aescbc/src/aesecb.c:395
:14  %buf_load_55 = load i8* %buf_addr_35, align 1

ST_29: buf_load_56 (123)  [2/2] 2.39ns  loc: aescbc/src/aesecb.c:245->aescbc/src/aesecb.c:395
:16  %buf_load_56 = load i8* %buf_addr_36, align 1

ST_29: buf_load_57 (125)  [2/2] 2.39ns  loc: aescbc/src/aesecb.c:245->aescbc/src/aesecb.c:395
:18  %buf_load_57 = load i8* %buf_addr_37, align 1


 <State 30>: 2.39ns
ST_30: buf_load_56 (123)  [1/2] 2.39ns  loc: aescbc/src/aesecb.c:245->aescbc/src/aesecb.c:395
:16  %buf_load_56 = load i8* %buf_addr_36, align 1

ST_30: buf_load_57 (125)  [1/2] 2.39ns  loc: aescbc/src/aesecb.c:245->aescbc/src/aesecb.c:395
:18  %buf_load_57 = load i8* %buf_addr_37, align 1

ST_30: j_6 (128)  [2/2] 2.39ns  loc: aescbc/src/aesecb.c:246->aescbc/src/aesecb.c:395
:21  %j_6 = load i8* %buf_addr_38, align 1

ST_30: buf_load_59 (129)  [2/2] 2.39ns  loc: aescbc/src/aesecb.c:246->aescbc/src/aesecb.c:395
:22  %buf_load_59 = load i8* %buf_addr_39, align 1


 <State 31>: 2.39ns
ST_31: StgValue_176 (110)  [1/1] 2.39ns  loc: aescbc/src/aesecb.c:243->aescbc/src/aesecb.c:395
:3  store i8 %buf_load_49, i8* %buf_addr, align 1

ST_31: StgValue_177 (112)  [1/1] 2.39ns  loc: aescbc/src/aesecb.c:243->aescbc/src/aesecb.c:395
:5  store i8 %buf_load_50, i8* %buf_addr_29, align 1

ST_31: j_6 (128)  [1/2] 2.39ns  loc: aescbc/src/aesecb.c:246->aescbc/src/aesecb.c:395
:21  %j_6 = load i8* %buf_addr_38, align 1

ST_31: buf_load_59 (129)  [1/2] 2.39ns  loc: aescbc/src/aesecb.c:246->aescbc/src/aesecb.c:395
:22  %buf_load_59 = load i8* %buf_addr_39, align 1


 <State 32>: 2.39ns
ST_32: StgValue_180 (114)  [1/1] 2.39ns  loc: aescbc/src/aesecb.c:243->aescbc/src/aesecb.c:395
:7  store i8 %buf_load_51, i8* %buf_addr_30, align 1

ST_32: StgValue_181 (115)  [1/1] 2.39ns  loc: aescbc/src/aesecb.c:243->aescbc/src/aesecb.c:395
:8  store i8 %i_43, i8* %buf_addr_31, align 1


 <State 33>: 2.39ns
ST_33: StgValue_182 (118)  [1/1] 2.39ns  loc: aescbc/src/aesecb.c:244->aescbc/src/aesecb.c:395
:11  store i8 %buf_load_53, i8* %buf_addr_32, align 1

ST_33: StgValue_183 (119)  [1/1] 2.39ns  loc: aescbc/src/aesecb.c:244->aescbc/src/aesecb.c:395
:12  store i8 %i_44, i8* %buf_addr_33, align 1


 <State 34>: 2.39ns
ST_34: StgValue_184 (122)  [1/1] 2.39ns  loc: aescbc/src/aesecb.c:245->aescbc/src/aesecb.c:395
:15  store i8 %buf_load_55, i8* %buf_addr_34, align 1

ST_34: StgValue_185 (124)  [1/1] 2.39ns  loc: aescbc/src/aesecb.c:245->aescbc/src/aesecb.c:395
:17  store i8 %buf_load_56, i8* %buf_addr_35, align 1


 <State 35>: 2.39ns
ST_35: StgValue_186 (126)  [1/1] 2.39ns  loc: aescbc/src/aesecb.c:245->aescbc/src/aesecb.c:395
:19  store i8 %buf_load_57, i8* %buf_addr_36, align 1

ST_35: StgValue_187 (127)  [1/1] 2.39ns  loc: aescbc/src/aesecb.c:245->aescbc/src/aesecb.c:395
:20  store i8 %j_5, i8* %buf_addr_37, align 1


 <State 36>: 2.39ns
ST_36: StgValue_188 (130)  [1/1] 2.39ns  loc: aescbc/src/aesecb.c:246->aescbc/src/aesecb.c:395
:23  store i8 %buf_load_59, i8* %buf_addr_38, align 1

ST_36: StgValue_189 (131)  [1/1] 2.39ns  loc: aescbc/src/aesecb.c:246->aescbc/src/aesecb.c:395
:24  store i8 %j_6, i8* %buf_addr_39, align 1

ST_36: StgValue_190 (132)  [1/1] 1.57ns  loc: aescbc/src/aesecb.c:206->aescbc/src/aesecb.c:396
:25  br label %9


 <State 37>: 4.11ns
ST_37: i_i3 (134)  [1/1] 0.00ns
:0  %i_i3 = phi i5 [ -16, %8 ], [ %i_45, %10 ]

ST_37: i_45 (135)  [1/1] 1.72ns  loc: aescbc/src/aesecb.c:206->aescbc/src/aesecb.c:396
:1  %i_45 = add i5 %i_i3, -1

ST_37: i_48_cast (136)  [1/1] 0.00ns  loc: aescbc/src/aesecb.c:206->aescbc/src/aesecb.c:396
:2  %i_48_cast = sext i5 %i_45 to i8

ST_37: tmp_i1 (137)  [1/1] 1.91ns  loc: aescbc/src/aesecb.c:206->aescbc/src/aesecb.c:396
:3  %tmp_i1 = icmp eq i5 %i_i3, 0

ST_37: empty_34 (138)  [1/1] 0.00ns
:4  %empty_34 = call i32 (...)* @_ssdm_op_SpecLoopTripCount(i64 16, i64 16, i64 16)

ST_37: StgValue_196 (139)  [1/1] 0.00ns  loc: aescbc/src/aesecb.c:206->aescbc/src/aesecb.c:396
:5  br i1 %tmp_i1, label %aes_subBytes_inv.exit43, label %10

ST_37: tmp_i3 (141)  [1/1] 0.00ns  loc: aescbc/src/aesecb.c:206->aescbc/src/aesecb.c:396
:0  %tmp_i3 = zext i8 %i_48_cast to i64

ST_37: buf_addr_42 (142)  [1/1] 0.00ns  loc: aescbc/src/aesecb.c:206->aescbc/src/aesecb.c:396
:1  %buf_addr_42 = getelementptr [16 x i8]* %buf_r, i64 0, i64 %tmp_i3

ST_37: buf_load_60 (143)  [2/2] 2.39ns  loc: aescbc/src/aesecb.c:206->aescbc/src/aesecb.c:396
:2  %buf_load_60 = load i8* %buf_addr_42, align 1

ST_37: phitmp (150)  [1/1] 0.80ns  loc: aescbc/src/aesecb.c:397
aes_subBytes_inv.exit43:0  %phitmp = add i4 %i, -1

ST_37: StgValue_201 (151)  [1/1] 0.00ns  loc: aescbc/src/aesecb.c:397
aes_subBytes_inv.exit43:1  br label %aes_subBytes_inv.exit


 <State 38>: 4.78ns
ST_38: buf_load_60 (143)  [1/2] 2.39ns  loc: aescbc/src/aesecb.c:206->aescbc/src/aesecb.c:396
:2  %buf_load_60 = load i8* %buf_addr_42, align 1

ST_38: tmp_28_i1 (144)  [1/1] 0.00ns  loc: aescbc/src/aesecb.c:206->aescbc/src/aesecb.c:396
:3  %tmp_28_i1 = zext i8 %buf_load_60 to i64

ST_38: sboxinv_addr_1 (145)  [1/1] 0.00ns  loc: aescbc/src/aesecb.c:206->aescbc/src/aesecb.c:396
:4  %sboxinv_addr_1 = getelementptr inbounds [256 x i8]* @sboxinv, i64 0, i64 %tmp_28_i1

ST_38: sboxinv_load_1 (146)  [2/2] 2.39ns  loc: aescbc/src/aesecb.c:206->aescbc/src/aesecb.c:396
:5  %sboxinv_load_1 = load i8* %sboxinv_addr_1, align 1


 <State 39>: 4.78ns
ST_39: sboxinv_load_1 (146)  [1/2] 2.39ns  loc: aescbc/src/aesecb.c:206->aescbc/src/aesecb.c:396
:5  %sboxinv_load_1 = load i8* %sboxinv_addr_1, align 1

ST_39: StgValue_207 (147)  [1/1] 2.39ns  loc: aescbc/src/aesecb.c:206->aescbc/src/aesecb.c:396
:6  store i8 %sboxinv_load_1, i8* %buf_addr_42, align 1

ST_39: StgValue_208 (148)  [1/1] 0.00ns  loc: aescbc/src/aesecb.c:206->aescbc/src/aesecb.c:396
:7  br label %9


 <State 40>: 0.00ns
ST_40: StgValue_209 (153)  [1/2] 0.00ns  loc: aescbc/src/aesecb.c:398
:0  call fastcc void @aes_addRoundKey([16 x i8]* %buf_r, [32 x i8]* @ctx_key, i6 0)

ST_40: StgValue_210 (154)  [1/1] 0.00ns  loc: aescbc/src/aesecb.c:399
:1  ret void



============================================================
+ Verbose Summary: Timing violations
============================================================
Target clock period: 8ns, clock uncertainty: 1ns.

 <State 1>: 1.57ns
The critical path consists of the following:
	multiplexor before 'phi' operation ('i') with incoming values : ('i', aescbc/src/aesecb.c:222->aescbc/src/aesecb.c:382) [8]  (1.57 ns)

 <State 2>: 4.11ns
The critical path consists of the following:
	'phi' operation ('i') with incoming values : ('i', aescbc/src/aesecb.c:222->aescbc/src/aesecb.c:382) [8]  (0 ns)
	'add' operation ('i', aescbc/src/aesecb.c:222->aescbc/src/aesecb.c:382) [9]  (1.72 ns)
	'getelementptr' operation ('ctx_deckey_addr', aescbc/src/aesecb.c:222->aescbc/src/aesecb.c:382) [16]  (0 ns)
	'load' operation ('ctx_deckey_load', aescbc/src/aesecb.c:222->aescbc/src/aesecb.c:382) on array 'ctx_deckey' [17]  (2.39 ns)

 <State 3>: 6.15ns
The critical path consists of the following:
	'load' operation ('ctx_deckey_load', aescbc/src/aesecb.c:222->aescbc/src/aesecb.c:382) on array 'ctx_deckey' [17]  (2.39 ns)
	'xor' operation ('tmp_207_i', aescbc/src/aesecb.c:222->aescbc/src/aesecb.c:382) [22]  (1.37 ns)
	'store' operation (aescbc/src/aesecb.c:222->aescbc/src/aesecb.c:382) of variable 'tmp_207_i', aescbc/src/aesecb.c:222->aescbc/src/aesecb.c:382 on array 'buf_r' [23]  (2.39 ns)

 <State 4>: 2.39ns
The critical path consists of the following:
	'load' operation ('i', aescbc/src/aesecb.c:243->aescbc/src/aesecb.c:383) on array 'buf_r' [33]  (2.39 ns)

 <State 5>: 2.39ns
The critical path consists of the following:
	'load' operation ('buf_load_36', aescbc/src/aesecb.c:243->aescbc/src/aesecb.c:383) on array 'buf_r' [38]  (2.39 ns)

 <State 6>: 2.39ns
The critical path consists of the following:
	'load' operation ('i', aescbc/src/aesecb.c:244->aescbc/src/aesecb.c:383) on array 'buf_r' [45]  (2.39 ns)

 <State 7>: 2.39ns
The critical path consists of the following:
	'load' operation ('j', aescbc/src/aesecb.c:245->aescbc/src/aesecb.c:383) on array 'buf_r' [51]  (2.39 ns)

 <State 8>: 2.39ns
The critical path consists of the following:
	'load' operation ('buf_load_42', aescbc/src/aesecb.c:245->aescbc/src/aesecb.c:383) on array 'buf_r' [56]  (2.39 ns)

 <State 9>: 2.39ns
The critical path consists of the following:
	'store' operation (aescbc/src/aesecb.c:243->aescbc/src/aesecb.c:383) of variable 'buf_load', aescbc/src/aesecb.c:243->aescbc/src/aesecb.c:383 on array 'buf_r' [36]  (2.39 ns)

 <State 10>: 2.39ns
The critical path consists of the following:
	'store' operation (aescbc/src/aesecb.c:243->aescbc/src/aesecb.c:383) of variable 'buf_load_37', aescbc/src/aesecb.c:243->aescbc/src/aesecb.c:383 on array 'buf_r' [42]  (2.39 ns)

 <State 11>: 2.39ns
The critical path consists of the following:
	'store' operation (aescbc/src/aesecb.c:244->aescbc/src/aesecb.c:383) of variable 'buf_load_39', aescbc/src/aesecb.c:244->aescbc/src/aesecb.c:383 on array 'buf_r' [48]  (2.39 ns)

 <State 12>: 2.39ns
The critical path consists of the following:
	'store' operation (aescbc/src/aesecb.c:245->aescbc/src/aesecb.c:383) of variable 'buf_load_41', aescbc/src/aesecb.c:245->aescbc/src/aesecb.c:383 on array 'buf_r' [54]  (2.39 ns)

 <State 13>: 2.39ns
The critical path consists of the following:
	'store' operation (aescbc/src/aesecb.c:245->aescbc/src/aesecb.c:383) of variable 'buf_load_43', aescbc/src/aesecb.c:245->aescbc/src/aesecb.c:383 on array 'buf_r' [60]  (2.39 ns)

 <State 14>: 2.39ns
The critical path consists of the following:
	'store' operation (aescbc/src/aesecb.c:246->aescbc/src/aesecb.c:383) of variable 'buf_load_45', aescbc/src/aesecb.c:246->aescbc/src/aesecb.c:383 on array 'buf_r' [66]  (2.39 ns)

 <State 15>: 4.11ns
The critical path consists of the following:
	'phi' operation ('i') with incoming values : ('i', aescbc/src/aesecb.c:206->aescbc/src/aesecb.c:384) [70]  (0 ns)
	'add' operation ('i', aescbc/src/aesecb.c:206->aescbc/src/aesecb.c:384) [71]  (1.72 ns)
	'getelementptr' operation ('buf_addr_41', aescbc/src/aesecb.c:206->aescbc/src/aesecb.c:384) [78]  (0 ns)
	'load' operation ('buf_load_47', aescbc/src/aesecb.c:206->aescbc/src/aesecb.c:384) on array 'buf_r' [79]  (2.39 ns)

 <State 16>: 4.78ns
The critical path consists of the following:
	'load' operation ('buf_load_47', aescbc/src/aesecb.c:206->aescbc/src/aesecb.c:384) on array 'buf_r' [79]  (2.39 ns)
	'getelementptr' operation ('sboxinv_addr', aescbc/src/aesecb.c:206->aescbc/src/aesecb.c:384) [81]  (0 ns)
	'load' operation ('sboxinv_load', aescbc/src/aesecb.c:206->aescbc/src/aesecb.c:384) on array 'sboxinv' [82]  (2.39 ns)

 <State 17>: 4.78ns
The critical path consists of the following:
	'load' operation ('sboxinv_load', aescbc/src/aesecb.c:206->aescbc/src/aesecb.c:384) on array 'sboxinv' [82]  (2.39 ns)
	'store' operation (aescbc/src/aesecb.c:206->aescbc/src/aesecb.c:384) of variable 'sboxinv_load', aescbc/src/aesecb.c:206->aescbc/src/aesecb.c:384 on array 'buf_r' [83]  (2.39 ns)

 <State 18>: 1.88ns
The critical path consists of the following:
	'phi' operation ('i', aescbc/src/aesecb.c:397) with incoming values : ('phitmp', aescbc/src/aesecb.c:397) [90]  (0 ns)
	'icmp' operation ('tmp', aescbc/src/aesecb.c:386) [91]  (1.88 ns)

 <State 19>: 0ns
The critical path consists of the following:

 <State 20>: 1.57ns
The critical path consists of the following:
	'call' operation ('rcon', aescbc/src/aesecb.c:390) to 'aes_expandDecKey' [102]  (0 ns)
	'store' operation (aescbc/src/aesecb.c:390) of variable 'rcon', aescbc/src/aesecb.c:390 on local variable 'rcon' [104]  (1.57 ns)

 <State 21>: 1.57ns
The critical path consists of the following:
	'call' operation (aescbc/src/aesecb.c:391) to 'aes_addRoundKey' [103]  (1.57 ns)

 <State 22>: 0ns
The critical path consists of the following:

 <State 23>: 0ns
The critical path consists of the following:

 <State 24>: 0ns
The critical path consists of the following:

 <State 25>: 2.39ns
The critical path consists of the following:
	'load' operation ('i', aescbc/src/aesecb.c:243->aescbc/src/aesecb.c:395) on array 'buf_r' [108]  (2.39 ns)

 <State 26>: 2.39ns
The critical path consists of the following:
	'load' operation ('i', aescbc/src/aesecb.c:243->aescbc/src/aesecb.c:395) on array 'buf_r' [108]  (2.39 ns)

 <State 27>: 2.39ns
The critical path consists of the following:
	'load' operation ('buf_load_50', aescbc/src/aesecb.c:243->aescbc/src/aesecb.c:395) on array 'buf_r' [111]  (2.39 ns)

 <State 28>: 2.39ns
The critical path consists of the following:
	'load' operation ('i', aescbc/src/aesecb.c:244->aescbc/src/aesecb.c:395) on array 'buf_r' [116]  (2.39 ns)

 <State 29>: 2.39ns
The critical path consists of the following:
	'load' operation ('j', aescbc/src/aesecb.c:245->aescbc/src/aesecb.c:395) on array 'buf_r' [120]  (2.39 ns)

 <State 30>: 2.39ns
The critical path consists of the following:
	'load' operation ('buf_load_56', aescbc/src/aesecb.c:245->aescbc/src/aesecb.c:395) on array 'buf_r' [123]  (2.39 ns)

 <State 31>: 2.39ns
The critical path consists of the following:
	'store' operation (aescbc/src/aesecb.c:243->aescbc/src/aesecb.c:395) of variable 'buf_load_49', aescbc/src/aesecb.c:243->aescbc/src/aesecb.c:395 on array 'buf_r' [110]  (2.39 ns)

 <State 32>: 2.39ns
The critical path consists of the following:
	'store' operation (aescbc/src/aesecb.c:243->aescbc/src/aesecb.c:395) of variable 'buf_load_51', aescbc/src/aesecb.c:243->aescbc/src/aesecb.c:395 on array 'buf_r' [114]  (2.39 ns)

 <State 33>: 2.39ns
The critical path consists of the following:
	'store' operation (aescbc/src/aesecb.c:244->aescbc/src/aesecb.c:395) of variable 'buf_load_53', aescbc/src/aesecb.c:244->aescbc/src/aesecb.c:395 on array 'buf_r' [118]  (2.39 ns)

 <State 34>: 2.39ns
The critical path consists of the following:
	'store' operation (aescbc/src/aesecb.c:245->aescbc/src/aesecb.c:395) of variable 'buf_load_55', aescbc/src/aesecb.c:245->aescbc/src/aesecb.c:395 on array 'buf_r' [122]  (2.39 ns)

 <State 35>: 2.39ns
The critical path consists of the following:
	'store' operation (aescbc/src/aesecb.c:245->aescbc/src/aesecb.c:395) of variable 'buf_load_57', aescbc/src/aesecb.c:245->aescbc/src/aesecb.c:395 on array 'buf_r' [126]  (2.39 ns)

 <State 36>: 2.39ns
The critical path consists of the following:
	'store' operation (aescbc/src/aesecb.c:246->aescbc/src/aesecb.c:395) of variable 'buf_load_59', aescbc/src/aesecb.c:246->aescbc/src/aesecb.c:395 on array 'buf_r' [130]  (2.39 ns)

 <State 37>: 4.11ns
The critical path consists of the following:
	'phi' operation ('i') with incoming values : ('i', aescbc/src/aesecb.c:206->aescbc/src/aesecb.c:396) [134]  (0 ns)
	'add' operation ('i', aescbc/src/aesecb.c:206->aescbc/src/aesecb.c:396) [135]  (1.72 ns)
	'getelementptr' operation ('buf_addr_42', aescbc/src/aesecb.c:206->aescbc/src/aesecb.c:396) [142]  (0 ns)
	'load' operation ('buf_load_60', aescbc/src/aesecb.c:206->aescbc/src/aesecb.c:396) on array 'buf_r' [143]  (2.39 ns)

 <State 38>: 4.78ns
The critical path consists of the following:
	'load' operation ('buf_load_60', aescbc/src/aesecb.c:206->aescbc/src/aesecb.c:396) on array 'buf_r' [143]  (2.39 ns)
	'getelementptr' operation ('sboxinv_addr_1', aescbc/src/aesecb.c:206->aescbc/src/aesecb.c:396) [145]  (0 ns)
	'load' operation ('sboxinv_load_1', aescbc/src/aesecb.c:206->aescbc/src/aesecb.c:396) on array 'sboxinv' [146]  (2.39 ns)

 <State 39>: 4.78ns
The critical path consists of the following:
	'load' operation ('sboxinv_load_1', aescbc/src/aesecb.c:206->aescbc/src/aesecb.c:396) on array 'sboxinv' [146]  (2.39 ns)
	'store' operation (aescbc/src/aesecb.c:206->aescbc/src/aesecb.c:396) of variable 'sboxinv_load_1', aescbc/src/aesecb.c:206->aescbc/src/aesecb.c:396 on array 'buf_r' [147]  (2.39 ns)

 <State 40>: 0ns
The critical path consists of the following:


============================================================
+ Verbose Summary: Binding
============================================================
N/A
* FSMD analyzer results:
  - Output states:
 - Input state : 
  - Chain level:
	State 1
	State 2
	State 3
	State 4
	State 5
	State 6
	State 7
	State 8
	State 9
	State 10
	State 11
	State 12
	State 13
	State 14
	State 15
	State 16
	State 17
	State 18
	State 19
	State 20
	State 21
	State 22
	State 23
	State 24
	State 25
	State 26
	State 27
	State 28
	State 29
	State 30
	State 31
	State 32
	State 33
	State 34
	State 35
	State 36
	State 37
	State 38
	State 39
	State 40


============================================================
+ Verbose Summary: Datapath Resource usage 
============================================================
N/A
